Archive member included to satisfy reference by file (symbol)

/usr/local/src/STM32/beginning_stm32f103c8t6/libopencm3/lib/libopencm3_stm32f1.a(gpio.o)
                              main.o (gpio_set_mode)
/usr/local/src/STM32/beginning_stm32f103c8t6/libopencm3/lib/libopencm3_stm32f1.a(gpio_common_all.o)
                              main.o (gpio_toggle)
/usr/local/src/STM32/beginning_stm32f103c8t6/libopencm3/lib/libopencm3_stm32f1.a(rcc.o)
                              main.o (rcc_clock_setup_in_hse_8mhz_out_72mhz)
/usr/local/src/STM32/beginning_stm32f103c8t6/libopencm3/lib/libopencm3_stm32f1.a(rcc_common_all.o)
                              main.o (rcc_periph_clock_enable)
/usr/local/src/STM32/beginning_stm32f103c8t6/libopencm3/lib/libopencm3_stm32f1.a(vector.o)
                              (reset_handler)
/usr/local/src/STM32/beginning_stm32f103c8t6/libopencm3/lib/libopencm3_stm32f1.a(assert.o)
                              /usr/local/src/STM32/beginning_stm32f103c8t6/libopencm3/lib/libopencm3_stm32f1.a(rcc.o) (cm3_assert_failed)
/usr/local/src/STM32/beginning_stm32f103c8t6/libopencm3/lib/libopencm3_stm32f1.a(flash_common_all.o)
                              /usr/local/src/STM32/beginning_stm32f103c8t6/libopencm3/lib/libopencm3_stm32f1.a(rcc.o) (flash_set_ws)

Discarded input sections

 .text          0x0000000000000000        0x0 main.o
 .data          0x0000000000000000        0x0 main.o
 .bss           0x0000000000000000        0x0 main.o
 .text          0x0000000000000000        0x0 rtos/heap_4.o
 .data          0x0000000000000000        0x0 rtos/heap_4.o
 .bss           0x0000000000000000        0x0 rtos/heap_4.o
 .text.xPortGetFreeHeapSize
                0x0000000000000000        0xc rtos/heap_4.o
 .text.xPortGetMinimumEverFreeHeapSize
                0x0000000000000000        0xc rtos/heap_4.o
 .text.vPortInitialiseBlocks
                0x0000000000000000        0x2 rtos/heap_4.o
 .text          0x0000000000000000        0x0 rtos/list.o
 .data          0x0000000000000000        0x0 rtos/list.o
 .bss           0x0000000000000000        0x0 rtos/list.o
 .text.vListInsert
                0x0000000000000000       0x2e rtos/list.o
 .text          0x0000000000000000        0x0 rtos/port.o
 .data          0x0000000000000000        0x0 rtos/port.o
 .bss           0x0000000000000000        0x0 rtos/port.o
 .text.vPortEndScheduler
                0x0000000000000000        0x2 rtos/port.o
 .text          0x0000000000000000        0x0 rtos/tasks.o
 .data          0x0000000000000000        0x0 rtos/tasks.o
 .bss           0x0000000000000000        0x0 rtos/tasks.o
 .text.prvAddCurrentTaskToDelayedList.isra.2
                0x0000000000000000       0x74 rtos/tasks.o
 .text.vTaskEndScheduler
                0x0000000000000000       0x20 rtos/tasks.o
 .text.xTaskGetTickCount
                0x0000000000000000        0xc rtos/tasks.o
 .text.xTaskGetTickCountFromISR
                0x0000000000000000        0xc rtos/tasks.o
 .text.uxTaskGetNumberOfTasks
                0x0000000000000000        0xc rtos/tasks.o
 .text.pcTaskGetName
                0x0000000000000000       0x10 rtos/tasks.o
 .text.vTaskDelay
                0x0000000000000000       0x2c rtos/tasks.o
 .text.vTaskPlaceOnEventList
                0x0000000000000000       0x1c rtos/tasks.o
 .text.vTaskPlaceOnUnorderedEventList
                0x0000000000000000       0x24 rtos/tasks.o
 .text.xTaskRemoveFromEventList
                0x0000000000000000       0x70 rtos/tasks.o
 .text.vTaskRemoveFromUnorderedEventList
                0x0000000000000000       0x58 rtos/tasks.o
 .text.vTaskSetTimeOutState
                0x0000000000000000       0x24 rtos/tasks.o
 .text.vTaskInternalSetTimeOutState
                0x0000000000000000       0x18 rtos/tasks.o
 .text.xTaskCheckForTimeOut
                0x0000000000000000       0x4c rtos/tasks.o
 .text.vTaskMissedYield
                0x0000000000000000        0xc rtos/tasks.o
 .text.uxTaskResetEventItemValue
                0x0000000000000000       0x18 rtos/tasks.o
 .text.ulTaskNotifyTake
                0x0000000000000000       0x64 rtos/tasks.o
 .text.xTaskNotifyWait
                0x0000000000000000       0x88 rtos/tasks.o
 .text.xTaskGenericNotify
                0x0000000000000000       0xa4 rtos/tasks.o
 .text.xTaskGenericNotifyFromISR
                0x0000000000000000       0xc4 rtos/tasks.o
 .text.vTaskNotifyGiveFromISR
                0x0000000000000000       0x9c rtos/tasks.o
 .text.xTaskNotifyStateClear
                0x0000000000000000       0x2c rtos/tasks.o
 .text          0x0000000000000000        0x0 rtos/opencm3.o
 .data          0x0000000000000000        0x0 rtos/opencm3.o
 .bss           0x0000000000000000        0x0 rtos/opencm3.o
 .group         0x0000000000000000        0x8 /usr/local/src/STM32/beginning_stm32f103c8t6/libopencm3/lib/libopencm3_stm32f1.a(gpio.o)
 .group         0x0000000000000000        0x8 /usr/local/src/STM32/beginning_stm32f103c8t6/libopencm3/lib/libopencm3_stm32f1.a(gpio.o)
 .group         0x0000000000000000        0x8 /usr/local/src/STM32/beginning_stm32f103c8t6/libopencm3/lib/libopencm3_stm32f1.a(gpio.o)
 .group         0x0000000000000000        0x8 /usr/local/src/STM32/beginning_stm32f103c8t6/libopencm3/lib/libopencm3_stm32f1.a(gpio.o)
 .group         0x0000000000000000        0x8 /usr/local/src/STM32/beginning_stm32f103c8t6/libopencm3/lib/libopencm3_stm32f1.a(gpio.o)
 .group         0x0000000000000000        0x8 /usr/local/src/STM32/beginning_stm32f103c8t6/libopencm3/lib/libopencm3_stm32f1.a(gpio.o)
 .group         0x0000000000000000        0x8 /usr/local/src/STM32/beginning_stm32f103c8t6/libopencm3/lib/libopencm3_stm32f1.a(gpio.o)
 .group         0x0000000000000000        0x8 /usr/local/src/STM32/beginning_stm32f103c8t6/libopencm3/lib/libopencm3_stm32f1.a(gpio.o)
 .group         0x0000000000000000        0x8 /usr/local/src/STM32/beginning_stm32f103c8t6/libopencm3/lib/libopencm3_stm32f1.a(gpio.o)
 .group         0x0000000000000000        0x8 /usr/local/src/STM32/beginning_stm32f103c8t6/libopencm3/lib/libopencm3_stm32f1.a(gpio.o)
 .group         0x0000000000000000        0x8 /usr/local/src/STM32/beginning_stm32f103c8t6/libopencm3/lib/libopencm3_stm32f1.a(gpio.o)
 .group         0x0000000000000000        0x8 /usr/local/src/STM32/beginning_stm32f103c8t6/libopencm3/lib/libopencm3_stm32f1.a(gpio.o)
 .group         0x0000000000000000        0x8 /usr/local/src/STM32/beginning_stm32f103c8t6/libopencm3/lib/libopencm3_stm32f1.a(gpio.o)
 .group         0x0000000000000000        0x8 /usr/local/src/STM32/beginning_stm32f103c8t6/libopencm3/lib/libopencm3_stm32f1.a(gpio.o)
 .text          0x0000000000000000        0x0 /usr/local/src/STM32/beginning_stm32f103c8t6/libopencm3/lib/libopencm3_stm32f1.a(gpio.o)
 .data          0x0000000000000000        0x0 /usr/local/src/STM32/beginning_stm32f103c8t6/libopencm3/lib/libopencm3_stm32f1.a(gpio.o)
 .bss           0x0000000000000000        0x0 /usr/local/src/STM32/beginning_stm32f103c8t6/libopencm3/lib/libopencm3_stm32f1.a(gpio.o)
 .text.gpio_set_eventout
                0x0000000000000000       0x10 /usr/local/src/STM32/beginning_stm32f103c8t6/libopencm3/lib/libopencm3_stm32f1.a(gpio.o)
 .text.gpio_primary_remap
                0x0000000000000000       0x14 /usr/local/src/STM32/beginning_stm32f103c8t6/libopencm3/lib/libopencm3_stm32f1.a(gpio.o)
 .text.gpio_secondary_remap
                0x0000000000000000       0x10 /usr/local/src/STM32/beginning_stm32f103c8t6/libopencm3/lib/libopencm3_stm32f1.a(gpio.o)
 .group         0x0000000000000000        0x8 /usr/local/src/STM32/beginning_stm32f103c8t6/libopencm3/lib/libopencm3_stm32f1.a(gpio_common_all.o)
 .group         0x0000000000000000        0x8 /usr/local/src/STM32/beginning_stm32f103c8t6/libopencm3/lib/libopencm3_stm32f1.a(gpio_common_all.o)
 .group         0x0000000000000000        0x8 /usr/local/src/STM32/beginning_stm32f103c8t6/libopencm3/lib/libopencm3_stm32f1.a(gpio_common_all.o)
 .group         0x0000000000000000        0x8 /usr/local/src/STM32/beginning_stm32f103c8t6/libopencm3/lib/libopencm3_stm32f1.a(gpio_common_all.o)
 .group         0x0000000000000000        0x8 /usr/local/src/STM32/beginning_stm32f103c8t6/libopencm3/lib/libopencm3_stm32f1.a(gpio_common_all.o)
 .group         0x0000000000000000        0x8 /usr/local/src/STM32/beginning_stm32f103c8t6/libopencm3/lib/libopencm3_stm32f1.a(gpio_common_all.o)
 .group         0x0000000000000000        0x8 /usr/local/src/STM32/beginning_stm32f103c8t6/libopencm3/lib/libopencm3_stm32f1.a(gpio_common_all.o)
 .group         0x0000000000000000        0x8 /usr/local/src/STM32/beginning_stm32f103c8t6/libopencm3/lib/libopencm3_stm32f1.a(gpio_common_all.o)
 .group         0x0000000000000000        0x8 /usr/local/src/STM32/beginning_stm32f103c8t6/libopencm3/lib/libopencm3_stm32f1.a(gpio_common_all.o)
 .group         0x0000000000000000        0x8 /usr/local/src/STM32/beginning_stm32f103c8t6/libopencm3/lib/libopencm3_stm32f1.a(gpio_common_all.o)
 .group         0x0000000000000000        0x8 /usr/local/src/STM32/beginning_stm32f103c8t6/libopencm3/lib/libopencm3_stm32f1.a(gpio_common_all.o)
 .group         0x0000000000000000        0x8 /usr/local/src/STM32/beginning_stm32f103c8t6/libopencm3/lib/libopencm3_stm32f1.a(gpio_common_all.o)
 .group         0x0000000000000000        0x8 /usr/local/src/STM32/beginning_stm32f103c8t6/libopencm3/lib/libopencm3_stm32f1.a(gpio_common_all.o)
 .group         0x0000000000000000        0x8 /usr/local/src/STM32/beginning_stm32f103c8t6/libopencm3/lib/libopencm3_stm32f1.a(gpio_common_all.o)
 .text          0x0000000000000000        0x0 /usr/local/src/STM32/beginning_stm32f103c8t6/libopencm3/lib/libopencm3_stm32f1.a(gpio_common_all.o)
 .data          0x0000000000000000        0x0 /usr/local/src/STM32/beginning_stm32f103c8t6/libopencm3/lib/libopencm3_stm32f1.a(gpio_common_all.o)
 .bss           0x0000000000000000        0x0 /usr/local/src/STM32/beginning_stm32f103c8t6/libopencm3/lib/libopencm3_stm32f1.a(gpio_common_all.o)
 .text.gpio_set
                0x0000000000000000        0x4 /usr/local/src/STM32/beginning_stm32f103c8t6/libopencm3/lib/libopencm3_stm32f1.a(gpio_common_all.o)
 .text.gpio_clear
                0x0000000000000000        0x6 /usr/local/src/STM32/beginning_stm32f103c8t6/libopencm3/lib/libopencm3_stm32f1.a(gpio_common_all.o)
 .text.gpio_get
                0x0000000000000000        0x6 /usr/local/src/STM32/beginning_stm32f103c8t6/libopencm3/lib/libopencm3_stm32f1.a(gpio_common_all.o)
 .text.gpio_port_read
                0x0000000000000000        0x6 /usr/local/src/STM32/beginning_stm32f103c8t6/libopencm3/lib/libopencm3_stm32f1.a(gpio_common_all.o)
 .text.gpio_port_write
                0x0000000000000000        0x4 /usr/local/src/STM32/beginning_stm32f103c8t6/libopencm3/lib/libopencm3_stm32f1.a(gpio_common_all.o)
 .text.gpio_port_config_lock
                0x0000000000000000       0x10 /usr/local/src/STM32/beginning_stm32f103c8t6/libopencm3/lib/libopencm3_stm32f1.a(gpio_common_all.o)
 .debug_macro   0x0000000000000000      0x8aa /usr/local/src/STM32/beginning_stm32f103c8t6/libopencm3/lib/libopencm3_stm32f1.a(gpio_common_all.o)
 .debug_macro   0x0000000000000000       0x1c /usr/local/src/STM32/beginning_stm32f103c8t6/libopencm3/lib/libopencm3_stm32f1.a(gpio_common_all.o)
 .debug_macro   0x0000000000000000       0x22 /usr/local/src/STM32/beginning_stm32f103c8t6/libopencm3/lib/libopencm3_stm32f1.a(gpio_common_all.o)
 .debug_macro   0x0000000000000000       0x4f /usr/local/src/STM32/beginning_stm32f103c8t6/libopencm3/lib/libopencm3_stm32f1.a(gpio_common_all.o)
 .debug_macro   0x0000000000000000       0x44 /usr/local/src/STM32/beginning_stm32f103c8t6/libopencm3/lib/libopencm3_stm32f1.a(gpio_common_all.o)
 .debug_macro   0x0000000000000000       0xfd /usr/local/src/STM32/beginning_stm32f103c8t6/libopencm3/lib/libopencm3_stm32f1.a(gpio_common_all.o)
 .debug_macro   0x0000000000000000       0x5e /usr/local/src/STM32/beginning_stm32f103c8t6/libopencm3/lib/libopencm3_stm32f1.a(gpio_common_all.o)
 .debug_macro   0x0000000000000000      0x1df /usr/local/src/STM32/beginning_stm32f103c8t6/libopencm3/lib/libopencm3_stm32f1.a(gpio_common_all.o)
 .debug_macro   0x0000000000000000       0x22 /usr/local/src/STM32/beginning_stm32f103c8t6/libopencm3/lib/libopencm3_stm32f1.a(gpio_common_all.o)
 .debug_macro   0x0000000000000000       0xe8 /usr/local/src/STM32/beginning_stm32f103c8t6/libopencm3/lib/libopencm3_stm32f1.a(gpio_common_all.o)
 .debug_macro   0x0000000000000000       0x76 /usr/local/src/STM32/beginning_stm32f103c8t6/libopencm3/lib/libopencm3_stm32f1.a(gpio_common_all.o)
 .debug_macro   0x0000000000000000      0x1b4 /usr/local/src/STM32/beginning_stm32f103c8t6/libopencm3/lib/libopencm3_stm32f1.a(gpio_common_all.o)
 .debug_macro   0x0000000000000000       0x76 /usr/local/src/STM32/beginning_stm32f103c8t6/libopencm3/lib/libopencm3_stm32f1.a(gpio_common_all.o)
 .debug_macro   0x0000000000000000      0xe04 /usr/local/src/STM32/beginning_stm32f103c8t6/libopencm3/lib/libopencm3_stm32f1.a(gpio_common_all.o)
 .group         0x0000000000000000        0x8 /usr/local/src/STM32/beginning_stm32f103c8t6/libopencm3/lib/libopencm3_stm32f1.a(rcc.o)
 .group         0x0000000000000000        0x8 /usr/local/src/STM32/beginning_stm32f103c8t6/libopencm3/lib/libopencm3_stm32f1.a(rcc.o)
 .group         0x0000000000000000        0x8 /usr/local/src/STM32/beginning_stm32f103c8t6/libopencm3/lib/libopencm3_stm32f1.a(rcc.o)
 .group         0x0000000000000000        0x8 /usr/local/src/STM32/beginning_stm32f103c8t6/libopencm3/lib/libopencm3_stm32f1.a(rcc.o)
 .group         0x0000000000000000        0x8 /usr/local/src/STM32/beginning_stm32f103c8t6/libopencm3/lib/libopencm3_stm32f1.a(rcc.o)
 .group         0x0000000000000000        0x8 /usr/local/src/STM32/beginning_stm32f103c8t6/libopencm3/lib/libopencm3_stm32f1.a(rcc.o)
 .group         0x0000000000000000        0x8 /usr/local/src/STM32/beginning_stm32f103c8t6/libopencm3/lib/libopencm3_stm32f1.a(rcc.o)
 .group         0x0000000000000000        0x8 /usr/local/src/STM32/beginning_stm32f103c8t6/libopencm3/lib/libopencm3_stm32f1.a(rcc.o)
 .group         0x0000000000000000        0x8 /usr/local/src/STM32/beginning_stm32f103c8t6/libopencm3/lib/libopencm3_stm32f1.a(rcc.o)
 .group         0x0000000000000000        0x8 /usr/local/src/STM32/beginning_stm32f103c8t6/libopencm3/lib/libopencm3_stm32f1.a(rcc.o)
 .group         0x0000000000000000        0x8 /usr/local/src/STM32/beginning_stm32f103c8t6/libopencm3/lib/libopencm3_stm32f1.a(rcc.o)
 .group         0x0000000000000000        0x8 /usr/local/src/STM32/beginning_stm32f103c8t6/libopencm3/lib/libopencm3_stm32f1.a(rcc.o)
 .group         0x0000000000000000        0x8 /usr/local/src/STM32/beginning_stm32f103c8t6/libopencm3/lib/libopencm3_stm32f1.a(rcc.o)
 .group         0x0000000000000000        0x8 /usr/local/src/STM32/beginning_stm32f103c8t6/libopencm3/lib/libopencm3_stm32f1.a(rcc.o)
 .group         0x0000000000000000        0x8 /usr/local/src/STM32/beginning_stm32f103c8t6/libopencm3/lib/libopencm3_stm32f1.a(rcc.o)
 .group         0x0000000000000000        0x8 /usr/local/src/STM32/beginning_stm32f103c8t6/libopencm3/lib/libopencm3_stm32f1.a(rcc.o)
 .text          0x0000000000000000        0x0 /usr/local/src/STM32/beginning_stm32f103c8t6/libopencm3/lib/libopencm3_stm32f1.a(rcc.o)
 .data          0x0000000000000000        0x0 /usr/local/src/STM32/beginning_stm32f103c8t6/libopencm3/lib/libopencm3_stm32f1.a(rcc.o)
 .bss           0x0000000000000000        0x0 /usr/local/src/STM32/beginning_stm32f103c8t6/libopencm3/lib/libopencm3_stm32f1.a(rcc.o)
 .text.rcc_osc_ready_int_clear
                0x0000000000000000       0x5c /usr/local/src/STM32/beginning_stm32f103c8t6/libopencm3/lib/libopencm3_stm32f1.a(rcc.o)
 .text.rcc_osc_ready_int_enable
                0x0000000000000000       0x5c /usr/local/src/STM32/beginning_stm32f103c8t6/libopencm3/lib/libopencm3_stm32f1.a(rcc.o)
 .text.rcc_osc_ready_int_disable
                0x0000000000000000       0x5c /usr/local/src/STM32/beginning_stm32f103c8t6/libopencm3/lib/libopencm3_stm32f1.a(rcc.o)
 .text.rcc_osc_ready_int_flag
                0x0000000000000000       0x54 /usr/local/src/STM32/beginning_stm32f103c8t6/libopencm3/lib/libopencm3_stm32f1.a(rcc.o)
 .text.rcc_css_int_clear
                0x0000000000000000       0x10 /usr/local/src/STM32/beginning_stm32f103c8t6/libopencm3/lib/libopencm3_stm32f1.a(rcc.o)
 .text.rcc_css_int_flag
                0x0000000000000000       0x10 /usr/local/src/STM32/beginning_stm32f103c8t6/libopencm3/lib/libopencm3_stm32f1.a(rcc.o)
 .text.rcc_osc_off
                0x0000000000000000       0x58 /usr/local/src/STM32/beginning_stm32f103c8t6/libopencm3/lib/libopencm3_stm32f1.a(rcc.o)
 .text.rcc_css_enable
                0x0000000000000000       0x10 /usr/local/src/STM32/beginning_stm32f103c8t6/libopencm3/lib/libopencm3_stm32f1.a(rcc.o)
 .text.rcc_css_disable
                0x0000000000000000       0x10 /usr/local/src/STM32/beginning_stm32f103c8t6/libopencm3/lib/libopencm3_stm32f1.a(rcc.o)
 .text.rcc_set_pll2_multiplication_factor
                0x0000000000000000       0x14 /usr/local/src/STM32/beginning_stm32f103c8t6/libopencm3/lib/libopencm3_stm32f1.a(rcc.o)
 .text.rcc_set_pll3_multiplication_factor
                0x0000000000000000       0x14 /usr/local/src/STM32/beginning_stm32f103c8t6/libopencm3/lib/libopencm3_stm32f1.a(rcc.o)
 .text.rcc_rtc_clock_enabled_flag
                0x0000000000000000       0x10 /usr/local/src/STM32/beginning_stm32f103c8t6/libopencm3/lib/libopencm3_stm32f1.a(rcc.o)
 .text.rcc_enable_rtc_clock
                0x0000000000000000       0x10 /usr/local/src/STM32/beginning_stm32f103c8t6/libopencm3/lib/libopencm3_stm32f1.a(rcc.o)
 .text.rcc_set_rtc_clock_source
                0x0000000000000000       0x90 /usr/local/src/STM32/beginning_stm32f103c8t6/libopencm3/lib/libopencm3_stm32f1.a(rcc.o)
 .text.rcc_set_usbpre
                0x0000000000000000       0x18 /usr/local/src/STM32/beginning_stm32f103c8t6/libopencm3/lib/libopencm3_stm32f1.a(rcc.o)
 .text.rcc_set_prediv1
                0x0000000000000000       0x14 /usr/local/src/STM32/beginning_stm32f103c8t6/libopencm3/lib/libopencm3_stm32f1.a(rcc.o)
 .text.rcc_set_prediv2
                0x0000000000000000       0x14 /usr/local/src/STM32/beginning_stm32f103c8t6/libopencm3/lib/libopencm3_stm32f1.a(rcc.o)
 .text.rcc_set_prediv1_source
                0x0000000000000000       0x18 /usr/local/src/STM32/beginning_stm32f103c8t6/libopencm3/lib/libopencm3_stm32f1.a(rcc.o)
 .text.rcc_system_clock_source
                0x0000000000000000       0x10 /usr/local/src/STM32/beginning_stm32f103c8t6/libopencm3/lib/libopencm3_stm32f1.a(rcc.o)
 .text.rcc_clock_setup_in_hsi_out_64mhz
                0x0000000000000000       0x74 /usr/local/src/STM32/beginning_stm32f103c8t6/libopencm3/lib/libopencm3_stm32f1.a(rcc.o)
 .text.rcc_clock_setup_in_hsi_out_48mhz
                0x0000000000000000       0x84 /usr/local/src/STM32/beginning_stm32f103c8t6/libopencm3/lib/libopencm3_stm32f1.a(rcc.o)
 .text.rcc_clock_setup_in_hsi_out_24mhz
                0x0000000000000000       0x70 /usr/local/src/STM32/beginning_stm32f103c8t6/libopencm3/lib/libopencm3_stm32f1.a(rcc.o)
 .text.rcc_clock_setup_in_hse_8mhz_out_24mhz
                0x0000000000000000       0x88 /usr/local/src/STM32/beginning_stm32f103c8t6/libopencm3/lib/libopencm3_stm32f1.a(rcc.o)
 .text.rcc_clock_setup_in_hse_12mhz_out_72mhz
                0x0000000000000000       0x8c /usr/local/src/STM32/beginning_stm32f103c8t6/libopencm3/lib/libopencm3_stm32f1.a(rcc.o)
 .text.rcc_clock_setup_in_hse_16mhz_out_72mhz
                0x0000000000000000       0x8c /usr/local/src/STM32/beginning_stm32f103c8t6/libopencm3/lib/libopencm3_stm32f1.a(rcc.o)
 .text.rcc_clock_setup_in_hse_25mhz_out_72mhz
                0x0000000000000000       0xac /usr/local/src/STM32/beginning_stm32f103c8t6/libopencm3/lib/libopencm3_stm32f1.a(rcc.o)
 .text.rcc_backupdomain_reset
                0x0000000000000000       0x18 /usr/local/src/STM32/beginning_stm32f103c8t6/libopencm3/lib/libopencm3_stm32f1.a(rcc.o)
 .debug_macro   0x0000000000000000      0x8aa /usr/local/src/STM32/beginning_stm32f103c8t6/libopencm3/lib/libopencm3_stm32f1.a(rcc.o)
 .debug_macro   0x0000000000000000       0x1c /usr/local/src/STM32/beginning_stm32f103c8t6/libopencm3/lib/libopencm3_stm32f1.a(rcc.o)
 .debug_macro   0x0000000000000000       0x22 /usr/local/src/STM32/beginning_stm32f103c8t6/libopencm3/lib/libopencm3_stm32f1.a(rcc.o)
 .debug_macro   0x0000000000000000       0x4f /usr/local/src/STM32/beginning_stm32f103c8t6/libopencm3/lib/libopencm3_stm32f1.a(rcc.o)
 .debug_macro   0x0000000000000000       0x44 /usr/local/src/STM32/beginning_stm32f103c8t6/libopencm3/lib/libopencm3_stm32f1.a(rcc.o)
 .debug_macro   0x0000000000000000       0xfd /usr/local/src/STM32/beginning_stm32f103c8t6/libopencm3/lib/libopencm3_stm32f1.a(rcc.o)
 .debug_macro   0x0000000000000000       0x5e /usr/local/src/STM32/beginning_stm32f103c8t6/libopencm3/lib/libopencm3_stm32f1.a(rcc.o)
 .debug_macro   0x0000000000000000      0x1df /usr/local/src/STM32/beginning_stm32f103c8t6/libopencm3/lib/libopencm3_stm32f1.a(rcc.o)
 .debug_macro   0x0000000000000000       0x22 /usr/local/src/STM32/beginning_stm32f103c8t6/libopencm3/lib/libopencm3_stm32f1.a(rcc.o)
 .debug_macro   0x0000000000000000       0xe8 /usr/local/src/STM32/beginning_stm32f103c8t6/libopencm3/lib/libopencm3_stm32f1.a(rcc.o)
 .debug_macro   0x0000000000000000       0x76 /usr/local/src/STM32/beginning_stm32f103c8t6/libopencm3/lib/libopencm3_stm32f1.a(rcc.o)
 .debug_macro   0x0000000000000000      0x1b4 /usr/local/src/STM32/beginning_stm32f103c8t6/libopencm3/lib/libopencm3_stm32f1.a(rcc.o)
 .group         0x0000000000000000        0x8 /usr/local/src/STM32/beginning_stm32f103c8t6/libopencm3/lib/libopencm3_stm32f1.a(rcc_common_all.o)
 .group         0x0000000000000000        0x8 /usr/local/src/STM32/beginning_stm32f103c8t6/libopencm3/lib/libopencm3_stm32f1.a(rcc_common_all.o)
 .group         0x0000000000000000        0x8 /usr/local/src/STM32/beginning_stm32f103c8t6/libopencm3/lib/libopencm3_stm32f1.a(rcc_common_all.o)
 .group         0x0000000000000000        0x8 /usr/local/src/STM32/beginning_stm32f103c8t6/libopencm3/lib/libopencm3_stm32f1.a(rcc_common_all.o)
 .group         0x0000000000000000        0x8 /usr/local/src/STM32/beginning_stm32f103c8t6/libopencm3/lib/libopencm3_stm32f1.a(rcc_common_all.o)
 .group         0x0000000000000000        0x8 /usr/local/src/STM32/beginning_stm32f103c8t6/libopencm3/lib/libopencm3_stm32f1.a(rcc_common_all.o)
 .group         0x0000000000000000        0x8 /usr/local/src/STM32/beginning_stm32f103c8t6/libopencm3/lib/libopencm3_stm32f1.a(rcc_common_all.o)
 .group         0x0000000000000000        0x8 /usr/local/src/STM32/beginning_stm32f103c8t6/libopencm3/lib/libopencm3_stm32f1.a(rcc_common_all.o)
 .group         0x0000000000000000        0x8 /usr/local/src/STM32/beginning_stm32f103c8t6/libopencm3/lib/libopencm3_stm32f1.a(rcc_common_all.o)
 .group         0x0000000000000000        0x8 /usr/local/src/STM32/beginning_stm32f103c8t6/libopencm3/lib/libopencm3_stm32f1.a(rcc_common_all.o)
 .group         0x0000000000000000        0x8 /usr/local/src/STM32/beginning_stm32f103c8t6/libopencm3/lib/libopencm3_stm32f1.a(rcc_common_all.o)
 .group         0x0000000000000000        0x8 /usr/local/src/STM32/beginning_stm32f103c8t6/libopencm3/lib/libopencm3_stm32f1.a(rcc_common_all.o)
 .group         0x0000000000000000        0x8 /usr/local/src/STM32/beginning_stm32f103c8t6/libopencm3/lib/libopencm3_stm32f1.a(rcc_common_all.o)
 .text          0x0000000000000000        0x0 /usr/local/src/STM32/beginning_stm32f103c8t6/libopencm3/lib/libopencm3_stm32f1.a(rcc_common_all.o)
 .data          0x0000000000000000        0x0 /usr/local/src/STM32/beginning_stm32f103c8t6/libopencm3/lib/libopencm3_stm32f1.a(rcc_common_all.o)
 .bss           0x0000000000000000        0x0 /usr/local/src/STM32/beginning_stm32f103c8t6/libopencm3/lib/libopencm3_stm32f1.a(rcc_common_all.o)
 .text.rcc_peripheral_enable_clock
                0x0000000000000000        0x8 /usr/local/src/STM32/beginning_stm32f103c8t6/libopencm3/lib/libopencm3_stm32f1.a(rcc_common_all.o)
 .text.rcc_peripheral_disable_clock
                0x0000000000000000        0xa /usr/local/src/STM32/beginning_stm32f103c8t6/libopencm3/lib/libopencm3_stm32f1.a(rcc_common_all.o)
 .text.rcc_peripheral_reset
                0x0000000000000000        0x8 /usr/local/src/STM32/beginning_stm32f103c8t6/libopencm3/lib/libopencm3_stm32f1.a(rcc_common_all.o)
 .text.rcc_peripheral_clear_reset
                0x0000000000000000        0xa /usr/local/src/STM32/beginning_stm32f103c8t6/libopencm3/lib/libopencm3_stm32f1.a(rcc_common_all.o)
 .text.rcc_periph_clock_disable
                0x0000000000000000       0x1e /usr/local/src/STM32/beginning_stm32f103c8t6/libopencm3/lib/libopencm3_stm32f1.a(rcc_common_all.o)
 .text.rcc_periph_reset_pulse
                0x0000000000000000       0x22 /usr/local/src/STM32/beginning_stm32f103c8t6/libopencm3/lib/libopencm3_stm32f1.a(rcc_common_all.o)
 .text.rcc_periph_reset_hold
                0x0000000000000000       0x1a /usr/local/src/STM32/beginning_stm32f103c8t6/libopencm3/lib/libopencm3_stm32f1.a(rcc_common_all.o)
 .text.rcc_periph_reset_release
                0x0000000000000000       0x1e /usr/local/src/STM32/beginning_stm32f103c8t6/libopencm3/lib/libopencm3_stm32f1.a(rcc_common_all.o)
 .text.rcc_set_mco
                0x0000000000000000       0x14 /usr/local/src/STM32/beginning_stm32f103c8t6/libopencm3/lib/libopencm3_stm32f1.a(rcc_common_all.o)
 .text.rcc_osc_bypass_enable
                0x0000000000000000       0x28 /usr/local/src/STM32/beginning_stm32f103c8t6/libopencm3/lib/libopencm3_stm32f1.a(rcc_common_all.o)
 .text.rcc_osc_bypass_disable
                0x0000000000000000       0x28 /usr/local/src/STM32/beginning_stm32f103c8t6/libopencm3/lib/libopencm3_stm32f1.a(rcc_common_all.o)
 .debug_macro   0x0000000000000000      0x8aa /usr/local/src/STM32/beginning_stm32f103c8t6/libopencm3/lib/libopencm3_stm32f1.a(rcc_common_all.o)
 .debug_macro   0x0000000000000000       0x1c /usr/local/src/STM32/beginning_stm32f103c8t6/libopencm3/lib/libopencm3_stm32f1.a(rcc_common_all.o)
 .debug_macro   0x0000000000000000       0x22 /usr/local/src/STM32/beginning_stm32f103c8t6/libopencm3/lib/libopencm3_stm32f1.a(rcc_common_all.o)
 .debug_macro   0x0000000000000000       0x4f /usr/local/src/STM32/beginning_stm32f103c8t6/libopencm3/lib/libopencm3_stm32f1.a(rcc_common_all.o)
 .debug_macro   0x0000000000000000       0x44 /usr/local/src/STM32/beginning_stm32f103c8t6/libopencm3/lib/libopencm3_stm32f1.a(rcc_common_all.o)
 .debug_macro   0x0000000000000000       0xfd /usr/local/src/STM32/beginning_stm32f103c8t6/libopencm3/lib/libopencm3_stm32f1.a(rcc_common_all.o)
 .debug_macro   0x0000000000000000       0x5e /usr/local/src/STM32/beginning_stm32f103c8t6/libopencm3/lib/libopencm3_stm32f1.a(rcc_common_all.o)
 .debug_macro   0x0000000000000000      0x1df /usr/local/src/STM32/beginning_stm32f103c8t6/libopencm3/lib/libopencm3_stm32f1.a(rcc_common_all.o)
 .debug_macro   0x0000000000000000       0x22 /usr/local/src/STM32/beginning_stm32f103c8t6/libopencm3/lib/libopencm3_stm32f1.a(rcc_common_all.o)
 .debug_macro   0x0000000000000000       0xe8 /usr/local/src/STM32/beginning_stm32f103c8t6/libopencm3/lib/libopencm3_stm32f1.a(rcc_common_all.o)
 .debug_macro   0x0000000000000000       0x76 /usr/local/src/STM32/beginning_stm32f103c8t6/libopencm3/lib/libopencm3_stm32f1.a(rcc_common_all.o)
 .debug_macro   0x0000000000000000      0x1b4 /usr/local/src/STM32/beginning_stm32f103c8t6/libopencm3/lib/libopencm3_stm32f1.a(rcc_common_all.o)
 .debug_macro   0x0000000000000000      0x82c /usr/local/src/STM32/beginning_stm32f103c8t6/libopencm3/lib/libopencm3_stm32f1.a(rcc_common_all.o)
 .group         0x0000000000000000        0x8 /usr/local/src/STM32/beginning_stm32f103c8t6/libopencm3/lib/libopencm3_stm32f1.a(vector.o)
 .group         0x0000000000000000        0x8 /usr/local/src/STM32/beginning_stm32f103c8t6/libopencm3/lib/libopencm3_stm32f1.a(vector.o)
 .group         0x0000000000000000        0x8 /usr/local/src/STM32/beginning_stm32f103c8t6/libopencm3/lib/libopencm3_stm32f1.a(vector.o)
 .group         0x0000000000000000        0x8 /usr/local/src/STM32/beginning_stm32f103c8t6/libopencm3/lib/libopencm3_stm32f1.a(vector.o)
 .group         0x0000000000000000        0x8 /usr/local/src/STM32/beginning_stm32f103c8t6/libopencm3/lib/libopencm3_stm32f1.a(vector.o)
 .group         0x0000000000000000        0x8 /usr/local/src/STM32/beginning_stm32f103c8t6/libopencm3/lib/libopencm3_stm32f1.a(vector.o)
 .group         0x0000000000000000        0x8 /usr/local/src/STM32/beginning_stm32f103c8t6/libopencm3/lib/libopencm3_stm32f1.a(vector.o)
 .group         0x0000000000000000        0x8 /usr/local/src/STM32/beginning_stm32f103c8t6/libopencm3/lib/libopencm3_stm32f1.a(vector.o)
 .group         0x0000000000000000        0x8 /usr/local/src/STM32/beginning_stm32f103c8t6/libopencm3/lib/libopencm3_stm32f1.a(vector.o)
 .group         0x0000000000000000        0x8 /usr/local/src/STM32/beginning_stm32f103c8t6/libopencm3/lib/libopencm3_stm32f1.a(vector.o)
 .group         0x0000000000000000        0x8 /usr/local/src/STM32/beginning_stm32f103c8t6/libopencm3/lib/libopencm3_stm32f1.a(vector.o)
 .group         0x0000000000000000        0x8 /usr/local/src/STM32/beginning_stm32f103c8t6/libopencm3/lib/libopencm3_stm32f1.a(vector.o)
 .group         0x0000000000000000        0x8 /usr/local/src/STM32/beginning_stm32f103c8t6/libopencm3/lib/libopencm3_stm32f1.a(vector.o)
 .group         0x0000000000000000        0x8 /usr/local/src/STM32/beginning_stm32f103c8t6/libopencm3/lib/libopencm3_stm32f1.a(vector.o)
 .text          0x0000000000000000        0x0 /usr/local/src/STM32/beginning_stm32f103c8t6/libopencm3/lib/libopencm3_stm32f1.a(vector.o)
 .data          0x0000000000000000        0x0 /usr/local/src/STM32/beginning_stm32f103c8t6/libopencm3/lib/libopencm3_stm32f1.a(vector.o)
 .bss           0x0000000000000000        0x0 /usr/local/src/STM32/beginning_stm32f103c8t6/libopencm3/lib/libopencm3_stm32f1.a(vector.o)
 .debug_macro   0x0000000000000000      0x8aa /usr/local/src/STM32/beginning_stm32f103c8t6/libopencm3/lib/libopencm3_stm32f1.a(vector.o)
 .debug_macro   0x0000000000000000       0x76 /usr/local/src/STM32/beginning_stm32f103c8t6/libopencm3/lib/libopencm3_stm32f1.a(vector.o)
 .debug_macro   0x0000000000000000       0x1c /usr/local/src/STM32/beginning_stm32f103c8t6/libopencm3/lib/libopencm3_stm32f1.a(vector.o)
 .debug_macro   0x0000000000000000       0x22 /usr/local/src/STM32/beginning_stm32f103c8t6/libopencm3/lib/libopencm3_stm32f1.a(vector.o)
 .debug_macro   0x0000000000000000       0x4f /usr/local/src/STM32/beginning_stm32f103c8t6/libopencm3/lib/libopencm3_stm32f1.a(vector.o)
 .debug_macro   0x0000000000000000       0x44 /usr/local/src/STM32/beginning_stm32f103c8t6/libopencm3/lib/libopencm3_stm32f1.a(vector.o)
 .debug_macro   0x0000000000000000       0xfd /usr/local/src/STM32/beginning_stm32f103c8t6/libopencm3/lib/libopencm3_stm32f1.a(vector.o)
 .debug_macro   0x0000000000000000       0x5e /usr/local/src/STM32/beginning_stm32f103c8t6/libopencm3/lib/libopencm3_stm32f1.a(vector.o)
 .debug_macro   0x0000000000000000      0x1df /usr/local/src/STM32/beginning_stm32f103c8t6/libopencm3/lib/libopencm3_stm32f1.a(vector.o)
 .debug_macro   0x0000000000000000       0x22 /usr/local/src/STM32/beginning_stm32f103c8t6/libopencm3/lib/libopencm3_stm32f1.a(vector.o)
 .debug_macro   0x0000000000000000       0xe8 /usr/local/src/STM32/beginning_stm32f103c8t6/libopencm3/lib/libopencm3_stm32f1.a(vector.o)
 .group         0x0000000000000000        0x8 /usr/local/src/STM32/beginning_stm32f103c8t6/libopencm3/lib/libopencm3_stm32f1.a(assert.o)
 .group         0x0000000000000000        0x8 /usr/local/src/STM32/beginning_stm32f103c8t6/libopencm3/lib/libopencm3_stm32f1.a(assert.o)
 .group         0x0000000000000000        0x8 /usr/local/src/STM32/beginning_stm32f103c8t6/libopencm3/lib/libopencm3_stm32f1.a(assert.o)
 .group         0x0000000000000000        0x8 /usr/local/src/STM32/beginning_stm32f103c8t6/libopencm3/lib/libopencm3_stm32f1.a(assert.o)
 .group         0x0000000000000000        0x8 /usr/local/src/STM32/beginning_stm32f103c8t6/libopencm3/lib/libopencm3_stm32f1.a(assert.o)
 .group         0x0000000000000000        0x8 /usr/local/src/STM32/beginning_stm32f103c8t6/libopencm3/lib/libopencm3_stm32f1.a(assert.o)
 .group         0x0000000000000000        0x8 /usr/local/src/STM32/beginning_stm32f103c8t6/libopencm3/lib/libopencm3_stm32f1.a(assert.o)
 .group         0x0000000000000000        0x8 /usr/local/src/STM32/beginning_stm32f103c8t6/libopencm3/lib/libopencm3_stm32f1.a(assert.o)
 .group         0x0000000000000000        0x8 /usr/local/src/STM32/beginning_stm32f103c8t6/libopencm3/lib/libopencm3_stm32f1.a(assert.o)
 .group         0x0000000000000000        0x8 /usr/local/src/STM32/beginning_stm32f103c8t6/libopencm3/lib/libopencm3_stm32f1.a(assert.o)
 .group         0x0000000000000000        0x8 /usr/local/src/STM32/beginning_stm32f103c8t6/libopencm3/lib/libopencm3_stm32f1.a(assert.o)
 .text          0x0000000000000000        0x0 /usr/local/src/STM32/beginning_stm32f103c8t6/libopencm3/lib/libopencm3_stm32f1.a(assert.o)
 .data          0x0000000000000000        0x0 /usr/local/src/STM32/beginning_stm32f103c8t6/libopencm3/lib/libopencm3_stm32f1.a(assert.o)
 .bss           0x0000000000000000        0x0 /usr/local/src/STM32/beginning_stm32f103c8t6/libopencm3/lib/libopencm3_stm32f1.a(assert.o)
 .text.cm3_assert_failed
                0x0000000000000000        0x2 /usr/local/src/STM32/beginning_stm32f103c8t6/libopencm3/lib/libopencm3_stm32f1.a(assert.o)
 .text.cm3_assert_failed_verbose
                0x0000000000000000        0x6 /usr/local/src/STM32/beginning_stm32f103c8t6/libopencm3/lib/libopencm3_stm32f1.a(assert.o)
 .debug_info    0x0000000000000000       0xee /usr/local/src/STM32/beginning_stm32f103c8t6/libopencm3/lib/libopencm3_stm32f1.a(assert.o)
 .debug_abbrev  0x0000000000000000       0x8f /usr/local/src/STM32/beginning_stm32f103c8t6/libopencm3/lib/libopencm3_stm32f1.a(assert.o)
 .debug_loc     0x0000000000000000       0x84 /usr/local/src/STM32/beginning_stm32f103c8t6/libopencm3/lib/libopencm3_stm32f1.a(assert.o)
 .debug_aranges
                0x0000000000000000       0x28 /usr/local/src/STM32/beginning_stm32f103c8t6/libopencm3/lib/libopencm3_stm32f1.a(assert.o)
 .debug_ranges  0x0000000000000000       0x18 /usr/local/src/STM32/beginning_stm32f103c8t6/libopencm3/lib/libopencm3_stm32f1.a(assert.o)
 .debug_macro   0x0000000000000000       0x89 /usr/local/src/STM32/beginning_stm32f103c8t6/libopencm3/lib/libopencm3_stm32f1.a(assert.o)
 .debug_macro   0x0000000000000000      0x8aa /usr/local/src/STM32/beginning_stm32f103c8t6/libopencm3/lib/libopencm3_stm32f1.a(assert.o)
 .debug_macro   0x0000000000000000       0x1c /usr/local/src/STM32/beginning_stm32f103c8t6/libopencm3/lib/libopencm3_stm32f1.a(assert.o)
 .debug_macro   0x0000000000000000       0x22 /usr/local/src/STM32/beginning_stm32f103c8t6/libopencm3/lib/libopencm3_stm32f1.a(assert.o)
 .debug_macro   0x0000000000000000       0x4f /usr/local/src/STM32/beginning_stm32f103c8t6/libopencm3/lib/libopencm3_stm32f1.a(assert.o)
 .debug_macro   0x0000000000000000       0x44 /usr/local/src/STM32/beginning_stm32f103c8t6/libopencm3/lib/libopencm3_stm32f1.a(assert.o)
 .debug_macro   0x0000000000000000       0xfd /usr/local/src/STM32/beginning_stm32f103c8t6/libopencm3/lib/libopencm3_stm32f1.a(assert.o)
 .debug_macro   0x0000000000000000       0x5e /usr/local/src/STM32/beginning_stm32f103c8t6/libopencm3/lib/libopencm3_stm32f1.a(assert.o)
 .debug_macro   0x0000000000000000      0x1df /usr/local/src/STM32/beginning_stm32f103c8t6/libopencm3/lib/libopencm3_stm32f1.a(assert.o)
 .debug_macro   0x0000000000000000       0x22 /usr/local/src/STM32/beginning_stm32f103c8t6/libopencm3/lib/libopencm3_stm32f1.a(assert.o)
 .debug_macro   0x0000000000000000       0xe8 /usr/local/src/STM32/beginning_stm32f103c8t6/libopencm3/lib/libopencm3_stm32f1.a(assert.o)
 .debug_macro   0x0000000000000000       0x16 /usr/local/src/STM32/beginning_stm32f103c8t6/libopencm3/lib/libopencm3_stm32f1.a(assert.o)
 .debug_line    0x0000000000000000      0x172 /usr/local/src/STM32/beginning_stm32f103c8t6/libopencm3/lib/libopencm3_stm32f1.a(assert.o)
 .debug_str     0x0000000000000000     0x37c5 /usr/local/src/STM32/beginning_stm32f103c8t6/libopencm3/lib/libopencm3_stm32f1.a(assert.o)
 .comment       0x0000000000000000       0x32 /usr/local/src/STM32/beginning_stm32f103c8t6/libopencm3/lib/libopencm3_stm32f1.a(assert.o)
 .debug_frame   0x0000000000000000       0x38 /usr/local/src/STM32/beginning_stm32f103c8t6/libopencm3/lib/libopencm3_stm32f1.a(assert.o)
 .ARM.attributes
                0x0000000000000000       0x33 /usr/local/src/STM32/beginning_stm32f103c8t6/libopencm3/lib/libopencm3_stm32f1.a(assert.o)
 .group         0x0000000000000000        0x8 /usr/local/src/STM32/beginning_stm32f103c8t6/libopencm3/lib/libopencm3_stm32f1.a(flash_common_all.o)
 .group         0x0000000000000000        0x8 /usr/local/src/STM32/beginning_stm32f103c8t6/libopencm3/lib/libopencm3_stm32f1.a(flash_common_all.o)
 .group         0x0000000000000000        0x8 /usr/local/src/STM32/beginning_stm32f103c8t6/libopencm3/lib/libopencm3_stm32f1.a(flash_common_all.o)
 .group         0x0000000000000000        0x8 /usr/local/src/STM32/beginning_stm32f103c8t6/libopencm3/lib/libopencm3_stm32f1.a(flash_common_all.o)
 .group         0x0000000000000000        0x8 /usr/local/src/STM32/beginning_stm32f103c8t6/libopencm3/lib/libopencm3_stm32f1.a(flash_common_all.o)
 .group         0x0000000000000000        0x8 /usr/local/src/STM32/beginning_stm32f103c8t6/libopencm3/lib/libopencm3_stm32f1.a(flash_common_all.o)
 .group         0x0000000000000000        0x8 /usr/local/src/STM32/beginning_stm32f103c8t6/libopencm3/lib/libopencm3_stm32f1.a(flash_common_all.o)
 .group         0x0000000000000000        0x8 /usr/local/src/STM32/beginning_stm32f103c8t6/libopencm3/lib/libopencm3_stm32f1.a(flash_common_all.o)
 .group         0x0000000000000000        0x8 /usr/local/src/STM32/beginning_stm32f103c8t6/libopencm3/lib/libopencm3_stm32f1.a(flash_common_all.o)
 .group         0x0000000000000000        0x8 /usr/local/src/STM32/beginning_stm32f103c8t6/libopencm3/lib/libopencm3_stm32f1.a(flash_common_all.o)
 .group         0x0000000000000000        0x8 /usr/local/src/STM32/beginning_stm32f103c8t6/libopencm3/lib/libopencm3_stm32f1.a(flash_common_all.o)
 .group         0x0000000000000000        0x8 /usr/local/src/STM32/beginning_stm32f103c8t6/libopencm3/lib/libopencm3_stm32f1.a(flash_common_all.o)
 .group         0x0000000000000000        0x8 /usr/local/src/STM32/beginning_stm32f103c8t6/libopencm3/lib/libopencm3_stm32f1.a(flash_common_all.o)
 .group         0x0000000000000000        0x8 /usr/local/src/STM32/beginning_stm32f103c8t6/libopencm3/lib/libopencm3_stm32f1.a(flash_common_all.o)
 .text          0x0000000000000000        0x0 /usr/local/src/STM32/beginning_stm32f103c8t6/libopencm3/lib/libopencm3_stm32f1.a(flash_common_all.o)
 .data          0x0000000000000000        0x0 /usr/local/src/STM32/beginning_stm32f103c8t6/libopencm3/lib/libopencm3_stm32f1.a(flash_common_all.o)
 .bss           0x0000000000000000        0x0 /usr/local/src/STM32/beginning_stm32f103c8t6/libopencm3/lib/libopencm3_stm32f1.a(flash_common_all.o)
 .text.flash_prefetch_enable
                0x0000000000000000       0x10 /usr/local/src/STM32/beginning_stm32f103c8t6/libopencm3/lib/libopencm3_stm32f1.a(flash_common_all.o)
 .text.flash_prefetch_disable
                0x0000000000000000       0x10 /usr/local/src/STM32/beginning_stm32f103c8t6/libopencm3/lib/libopencm3_stm32f1.a(flash_common_all.o)
 .text.flash_unlock_option_bytes
                0x0000000000000000       0x18 /usr/local/src/STM32/beginning_stm32f103c8t6/libopencm3/lib/libopencm3_stm32f1.a(flash_common_all.o)
 .debug_macro   0x0000000000000000      0x8aa /usr/local/src/STM32/beginning_stm32f103c8t6/libopencm3/lib/libopencm3_stm32f1.a(flash_common_all.o)
 .debug_macro   0x0000000000000000       0x1c /usr/local/src/STM32/beginning_stm32f103c8t6/libopencm3/lib/libopencm3_stm32f1.a(flash_common_all.o)
 .debug_macro   0x0000000000000000       0x22 /usr/local/src/STM32/beginning_stm32f103c8t6/libopencm3/lib/libopencm3_stm32f1.a(flash_common_all.o)
 .debug_macro   0x0000000000000000       0x4f /usr/local/src/STM32/beginning_stm32f103c8t6/libopencm3/lib/libopencm3_stm32f1.a(flash_common_all.o)
 .debug_macro   0x0000000000000000       0x44 /usr/local/src/STM32/beginning_stm32f103c8t6/libopencm3/lib/libopencm3_stm32f1.a(flash_common_all.o)
 .debug_macro   0x0000000000000000       0xfd /usr/local/src/STM32/beginning_stm32f103c8t6/libopencm3/lib/libopencm3_stm32f1.a(flash_common_all.o)
 .debug_macro   0x0000000000000000       0x5e /usr/local/src/STM32/beginning_stm32f103c8t6/libopencm3/lib/libopencm3_stm32f1.a(flash_common_all.o)
 .debug_macro   0x0000000000000000      0x1df /usr/local/src/STM32/beginning_stm32f103c8t6/libopencm3/lib/libopencm3_stm32f1.a(flash_common_all.o)
 .debug_macro   0x0000000000000000       0x22 /usr/local/src/STM32/beginning_stm32f103c8t6/libopencm3/lib/libopencm3_stm32f1.a(flash_common_all.o)
 .debug_macro   0x0000000000000000       0xe8 /usr/local/src/STM32/beginning_stm32f103c8t6/libopencm3/lib/libopencm3_stm32f1.a(flash_common_all.o)
 .debug_macro   0x0000000000000000       0x76 /usr/local/src/STM32/beginning_stm32f103c8t6/libopencm3/lib/libopencm3_stm32f1.a(flash_common_all.o)
 .debug_macro   0x0000000000000000      0x1b4 /usr/local/src/STM32/beginning_stm32f103c8t6/libopencm3/lib/libopencm3_stm32f1.a(flash_common_all.o)
 .debug_macro   0x0000000000000000       0xee /usr/local/src/STM32/beginning_stm32f103c8t6/libopencm3/lib/libopencm3_stm32f1.a(flash_common_all.o)
 .debug_macro   0x0000000000000000       0x82 /usr/local/src/STM32/beginning_stm32f103c8t6/libopencm3/lib/libopencm3_stm32f1.a(flash_common_all.o)

Memory Configuration

Name             Origin             Length             Attributes
rom              0x0000000008000000 0x0000000000010000 xr
ram              0x0000000020000000 0x0000000000005000 xrw
*default*        0x0000000000000000 0xffffffffffffffff

Linker script and memory map

LOAD main.o
LOAD rtos/heap_4.o
LOAD rtos/list.o
LOAD rtos/port.o
LOAD rtos/tasks.o
LOAD rtos/opencm3.o
START GROUP
LOAD /usr/lib/gcc/arm-none-eabi/6.3.1/../../../arm-none-eabi/lib/thumb/v7-m/libc.a
LOAD /usr/lib/gcc/arm-none-eabi/6.3.1/thumb/v7-m/libgcc.a
LOAD /usr/lib/gcc/arm-none-eabi/6.3.1/../../../arm-none-eabi/lib/thumb/v7-m/libnosys.a
END GROUP
LOAD /usr/local/src/STM32/beginning_stm32f103c8t6//rtos/libwwg/libwwg.a
LOAD /usr/local/src/STM32/beginning_stm32f103c8t6/libopencm3/lib/libopencm3_stm32f1.a
START GROUP
LOAD /usr/lib/gcc/arm-none-eabi/6.3.1/thumb/v7-m/libgcc.a
LOAD /usr/lib/gcc/arm-none-eabi/6.3.1/../../../arm-none-eabi/lib/thumb/v7-m/libc.a
END GROUP
START GROUP
LOAD /usr/lib/gcc/arm-none-eabi/6.3.1/thumb/v7-m/libgcc.a
LOAD /usr/lib/gcc/arm-none-eabi/6.3.1/../../../arm-none-eabi/lib/thumb/v7-m/libc.a
LOAD /usr/lib/gcc/arm-none-eabi/6.3.1/../../../arm-none-eabi/lib/thumb/v7-m/libnosys.a
END GROUP

.text           0x0000000008000000      0xd10
 *(.vectors)
 .vectors       0x0000000008000000      0x150 /usr/local/src/STM32/beginning_stm32f103c8t6/libopencm3/lib/libopencm3_stm32f1.a(vector.o)
                0x0000000008000000                vector_table
 *(.text*)
 .text.task1    0x0000000008000150       0x20 main.o
 .text.vApplicationStackOverflowHook
                0x0000000008000170        0x2 main.o
                0x0000000008000170                vApplicationStackOverflowHook
 *fill*         0x0000000008000172        0x2 
 .text.startup.main
                0x0000000008000174       0x40 main.o
                0x0000000008000174                main
 .text.prvInsertBlockIntoFreeList
                0x00000000080001b4       0x48 rtos/heap_4.o
 .text.pvPortMalloc
                0x00000000080001fc       0xf4 rtos/heap_4.o
                0x00000000080001fc                pvPortMalloc
 .text.vPortFree
                0x00000000080002f0       0x4c rtos/heap_4.o
                0x00000000080002f0                vPortFree
 .text.vListInitialise
                0x000000000800033c       0x16 rtos/list.o
                0x000000000800033c                vListInitialise
 .text.vListInitialiseItem
                0x0000000008000352        0x6 rtos/list.o
                0x0000000008000352                vListInitialiseItem
 .text.vListInsertEnd
                0x0000000008000358       0x18 rtos/list.o
                0x0000000008000358                vListInsertEnd
 .text.uxListRemove
                0x0000000008000370       0x22 rtos/list.o
                0x0000000008000370                uxListRemove
 .text.prvTaskExitError
                0x0000000008000392       0x12 rtos/port.o
 .text.prvPortStartFirstTask
                0x00000000080003a4       0x20 rtos/port.o
 .text.pxPortInitialiseStack
                0x00000000080003c4       0x24 rtos/port.o
                0x00000000080003c4                pxPortInitialiseStack
 *fill*         0x00000000080003e8        0x8 
 .text.vPortSVCHandler
                0x00000000080003f0       0x24 rtos/port.o
                0x00000000080003f0                vPortSVCHandler
 .text.vPortEnterCritical
                0x0000000008000414       0x20 rtos/port.o
                0x0000000008000414                vPortEnterCritical
 .text.vPortExitCritical
                0x0000000008000434       0x14 rtos/port.o
                0x0000000008000434                vPortExitCritical
 *fill*         0x0000000008000448        0x8 
 .text.xPortPendSVHandler
                0x0000000008000450       0x44 rtos/port.o
                0x0000000008000450                xPortPendSVHandler
 .text.xPortSysTickHandler
                0x0000000008000494       0x2c rtos/port.o
                0x0000000008000494                xPortSysTickHandler
 .text.vPortSetupTimerInterrupt
                0x00000000080004c0       0x14 rtos/port.o
                0x00000000080004c0                vPortSetupTimerInterrupt
 .text.xPortStartScheduler
                0x00000000080004d4       0x30 rtos/port.o
                0x00000000080004d4                xPortStartScheduler
 .text.prvIdleTask
                0x0000000008000504       0x24 rtos/tasks.o
 .text.prvResetNextTaskUnblockTime
                0x0000000008000528       0x24 rtos/tasks.o
 .text.xTaskCreate
                0x000000000800054c      0x1a8 rtos/tasks.o
                0x000000000800054c                xTaskCreate
 .text.vTaskStartScheduler
                0x00000000080006f4       0x60 rtos/tasks.o
                0x00000000080006f4                vTaskStartScheduler
 .text.vTaskSuspendAll
                0x0000000008000754       0x10 rtos/tasks.o
                0x0000000008000754                vTaskSuspendAll
 .text.xTaskIncrementTick
                0x0000000008000764      0x10c rtos/tasks.o
                0x0000000008000764                xTaskIncrementTick
 .text.xTaskResumeAll
                0x0000000008000870       0xd8 rtos/tasks.o
                0x0000000008000870                xTaskResumeAll
 .text.vTaskSwitchContext
                0x0000000008000948       0x78 rtos/tasks.o
                0x0000000008000948                vTaskSwitchContext
 .text.sv_call_handler
                0x00000000080009c0        0x4 rtos/opencm3.o
                0x00000000080009c0                sv_call_handler
 .text.pend_sv_handler
                0x00000000080009c4        0x4 rtos/opencm3.o
                0x00000000080009c4                pend_sv_handler
 .text.sys_tick_handler
                0x00000000080009c8        0x4 rtos/opencm3.o
                0x00000000080009c8                sys_tick_handler
 .text.gpio_set_mode
                0x00000000080009cc       0x62 /usr/local/src/STM32/beginning_stm32f103c8t6/libopencm3/lib/libopencm3_stm32f1.a(gpio.o)
                0x00000000080009cc                gpio_set_mode
 .text.gpio_toggle
                0x0000000008000a2e       0x12 /usr/local/src/STM32/beginning_stm32f103c8t6/libopencm3/lib/libopencm3_stm32f1.a(gpio_common_all.o)
                0x0000000008000a2e                gpio_toggle
 .text.rcc_osc_on.part.1
                0x0000000008000a40       0x10 /usr/local/src/STM32/beginning_stm32f103c8t6/libopencm3/lib/libopencm3_stm32f1.a(rcc.o)
 .text.rcc_is_osc_ready
                0x0000000008000a50       0x5c /usr/local/src/STM32/beginning_stm32f103c8t6/libopencm3/lib/libopencm3_stm32f1.a(rcc.o)
                0x0000000008000a50                rcc_is_osc_ready
 .text.rcc_wait_for_osc_ready
                0x0000000008000aac       0x10 /usr/local/src/STM32/beginning_stm32f103c8t6/libopencm3/lib/libopencm3_stm32f1.a(rcc.o)
                0x0000000008000aac                rcc_wait_for_osc_ready
 .text.rcc_osc_on
                0x0000000008000abc       0x54 /usr/local/src/STM32/beginning_stm32f103c8t6/libopencm3/lib/libopencm3_stm32f1.a(rcc.o)
                0x0000000008000abc                rcc_osc_on
 .text.rcc_set_sysclk_source
                0x0000000008000b10       0x14 /usr/local/src/STM32/beginning_stm32f103c8t6/libopencm3/lib/libopencm3_stm32f1.a(rcc.o)
                0x0000000008000b10                rcc_set_sysclk_source
 .text.rcc_set_pll_multiplication_factor
                0x0000000008000b24       0x14 /usr/local/src/STM32/beginning_stm32f103c8t6/libopencm3/lib/libopencm3_stm32f1.a(rcc.o)
                0x0000000008000b24                rcc_set_pll_multiplication_factor
 .text.rcc_set_pll_source
                0x0000000008000b38       0x14 /usr/local/src/STM32/beginning_stm32f103c8t6/libopencm3/lib/libopencm3_stm32f1.a(rcc.o)
                0x0000000008000b38                rcc_set_pll_source
 .text.rcc_set_pllxtpre
                0x0000000008000b4c       0x14 /usr/local/src/STM32/beginning_stm32f103c8t6/libopencm3/lib/libopencm3_stm32f1.a(rcc.o)
                0x0000000008000b4c                rcc_set_pllxtpre
 .text.rcc_set_adcpre
                0x0000000008000b60       0x14 /usr/local/src/STM32/beginning_stm32f103c8t6/libopencm3/lib/libopencm3_stm32f1.a(rcc.o)
                0x0000000008000b60                rcc_set_adcpre
 .text.rcc_set_ppre2
                0x0000000008000b74       0x14 /usr/local/src/STM32/beginning_stm32f103c8t6/libopencm3/lib/libopencm3_stm32f1.a(rcc.o)
                0x0000000008000b74                rcc_set_ppre2
 .text.rcc_set_ppre1
                0x0000000008000b88       0x14 /usr/local/src/STM32/beginning_stm32f103c8t6/libopencm3/lib/libopencm3_stm32f1.a(rcc.o)
                0x0000000008000b88                rcc_set_ppre1
 .text.rcc_set_hpre
                0x0000000008000b9c       0x14 /usr/local/src/STM32/beginning_stm32f103c8t6/libopencm3/lib/libopencm3_stm32f1.a(rcc.o)
                0x0000000008000b9c                rcc_set_hpre
 .text.rcc_clock_setup_in_hse_8mhz_out_72mhz
                0x0000000008000bb0       0x8c /usr/local/src/STM32/beginning_stm32f103c8t6/libopencm3/lib/libopencm3_stm32f1.a(rcc.o)
                0x0000000008000bb0                rcc_clock_setup_in_hse_8mhz_out_72mhz
 .text.rcc_periph_clock_enable
                0x0000000008000c3c       0x1a /usr/local/src/STM32/beginning_stm32f103c8t6/libopencm3/lib/libopencm3_stm32f1.a(rcc_common_all.o)
                0x0000000008000c3c                rcc_periph_clock_enable
 .text.blocking_handler
                0x0000000008000c56        0x2 /usr/local/src/STM32/beginning_stm32f103c8t6/libopencm3/lib/libopencm3_stm32f1.a(vector.o)
                0x0000000008000c56                usart3_isr
                0x0000000008000c56                rtc_isr
                0x0000000008000c56                tim7_isr
                0x0000000008000c56                adc1_2_isr
                0x0000000008000c56                tim1_trg_com_isr
                0x0000000008000c56                usb_hp_can_tx_isr
                0x0000000008000c56                tim6_isr
                0x0000000008000c56                usb_wakeup_isr
                0x0000000008000c56                blocking_handler
                0x0000000008000c56                tim5_isr
                0x0000000008000c56                otg_fs_isr
                0x0000000008000c56                spi1_isr
                0x0000000008000c56                exti2_isr
                0x0000000008000c56                dma1_channel6_isr
                0x0000000008000c56                can_rx1_isr
                0x0000000008000c56                dma1_channel5_isr
                0x0000000008000c56                dma2_channel5_isr
                0x0000000008000c56                usart1_isr
                0x0000000008000c56                usage_fault_handler
                0x0000000008000c56                tim8_trg_com_isr
                0x0000000008000c56                can2_rx0_isr
                0x0000000008000c56                tim1_brk_isr
                0x0000000008000c56                can2_rx1_isr
                0x0000000008000c56                tim1_cc_isr
                0x0000000008000c56                sdio_isr
                0x0000000008000c56                eth_isr
                0x0000000008000c56                dma1_channel4_isr
                0x0000000008000c56                tim8_brk_isr
                0x0000000008000c56                dma2_channel4_5_isr
                0x0000000008000c56                pvd_isr
                0x0000000008000c56                rcc_isr
                0x0000000008000c56                flash_isr
                0x0000000008000c56                uart4_isr
                0x0000000008000c56                rtc_alarm_isr
                0x0000000008000c56                exti15_10_isr
                0x0000000008000c56                hard_fault_handler
                0x0000000008000c56                exti1_isr
                0x0000000008000c56                i2c1_ev_isr
                0x0000000008000c56                dma2_channel1_isr
                0x0000000008000c56                spi2_isr
                0x0000000008000c56                tim8_up_isr
                0x0000000008000c56                dma2_channel2_isr
                0x0000000008000c56                exti3_isr
                0x0000000008000c56                adc3_isr
                0x0000000008000c56                tim3_isr
                0x0000000008000c56                usart2_isr
                0x0000000008000c56                usb_lp_can_rx0_isr
                0x0000000008000c56                i2c2_er_isr
                0x0000000008000c56                i2c2_ev_isr
                0x0000000008000c56                uart5_isr
                0x0000000008000c56                fsmc_isr
                0x0000000008000c56                dma1_channel1_isr
                0x0000000008000c56                exti4_isr
                0x0000000008000c56                mem_manage_handler
                0x0000000008000c56                can2_tx_isr
                0x0000000008000c56                exti9_5_isr
                0x0000000008000c56                dma2_channel3_isr
                0x0000000008000c56                dma1_channel7_isr
                0x0000000008000c56                tim1_up_isr
                0x0000000008000c56                can2_sce_isr
                0x0000000008000c56                tim4_isr
                0x0000000008000c56                dma1_channel2_isr
                0x0000000008000c56                i2c1_er_isr
                0x0000000008000c56                can_sce_isr
                0x0000000008000c56                tim8_cc_isr
                0x0000000008000c56                tamper_isr
                0x0000000008000c56                eth_wkup_isr
                0x0000000008000c56                bus_fault_handler
                0x0000000008000c56                wwdg_isr
                0x0000000008000c56                dma1_channel3_isr
                0x0000000008000c56                spi3_isr
                0x0000000008000c56                tim2_isr
                0x0000000008000c56                exti0_isr
 .text.null_handler
                0x0000000008000c58        0x2 /usr/local/src/STM32/beginning_stm32f103c8t6/libopencm3/lib/libopencm3_stm32f1.a(vector.o)
                0x0000000008000c58                null_handler
                0x0000000008000c58                debug_monitor_handler
                0x0000000008000c58                nmi_handler
 *fill*         0x0000000008000c5a        0x2 
 .text.reset_handler
                0x0000000008000c5c       0x94 /usr/local/src/STM32/beginning_stm32f103c8t6/libopencm3/lib/libopencm3_stm32f1.a(vector.o)
                0x0000000008000c5c                reset_handler
 .text.flash_set_ws
                0x0000000008000cf0       0x14 /usr/local/src/STM32/beginning_stm32f103c8t6/libopencm3/lib/libopencm3_stm32f1.a(flash_common_all.o)
                0x0000000008000cf0                flash_set_ws
                0x0000000008000d04                . = ALIGN (0x4)
 *(.rodata*)
 .rodata.main.str1.1
                0x0000000008000d04        0x4 main.o
 .rodata.vTaskStartScheduler.str1.1
                0x0000000008000d08        0x5 rtos/tasks.o
                0x0000000008000d10                . = ALIGN (0x4)
 *fill*         0x0000000008000d0d        0x3 

.glue_7         0x0000000008000d10        0x0
 .glue_7        0x0000000008000d10        0x0 linker stubs

.glue_7t        0x0000000008000d10        0x0
 .glue_7t       0x0000000008000d10        0x0 linker stubs

.vfp11_veneer   0x0000000008000d10        0x0
 .vfp11_veneer  0x0000000008000d10        0x0 linker stubs

.v4_bx          0x0000000008000d10        0x0
 .v4_bx         0x0000000008000d10        0x0 linker stubs

.iplt           0x0000000008000d10        0x0
 .iplt          0x0000000008000d10        0x0 main.o

.rel.dyn        0x0000000008000d10        0x0
 .rel.iplt      0x0000000008000d10        0x0 main.o

.preinit_array  0x0000000008000d10        0x0
                0x0000000008000d10                . = ALIGN (0x4)
                0x0000000008000d10                __preinit_array_start = .
 *(.preinit_array)
                0x0000000008000d10                __preinit_array_end = .

.init_array     0x0000000008000d10        0x0
                0x0000000008000d10                . = ALIGN (0x4)
                0x0000000008000d10                __init_array_start = .
 *(SORT(.init_array.*))
 *(.init_array)
                0x0000000008000d10                __init_array_end = .

.fini_array     0x0000000008000d10        0x0
                0x0000000008000d10                . = ALIGN (0x4)
                0x0000000008000d10                __fini_array_start = .
 *(.fini_array)
 *(SORT(.fini_array.*))
                0x0000000008000d10                __fini_array_end = .

.ARM.extab
 *(.ARM.extab*)

.ARM.exidx      0x0000000008000d10        0x0
                0x0000000008000d10                __exidx_start = .
 *(.ARM.exidx*)
                0x0000000008000d10                __exidx_end = .
                0x0000000008000d10                . = ALIGN (0x4)
                0x0000000008000d10                _etext = .

.data           0x0000000020000000       0x10 load address 0x0000000008000d10
                0x0000000020000000                _data = .
 *(.data*)
 .data.uxCriticalNesting
                0x0000000020000000        0x4 rtos/port.o
 .data.rcc_ahb_frequency
                0x0000000020000004        0x4 /usr/local/src/STM32/beginning_stm32f103c8t6/libopencm3/lib/libopencm3_stm32f1.a(rcc.o)
                0x0000000020000004                rcc_ahb_frequency
 .data.rcc_apb1_frequency
                0x0000000020000008        0x4 /usr/local/src/STM32/beginning_stm32f103c8t6/libopencm3/lib/libopencm3_stm32f1.a(rcc.o)
                0x0000000020000008                rcc_apb1_frequency
 .data.rcc_apb2_frequency
                0x000000002000000c        0x4 /usr/local/src/STM32/beginning_stm32f103c8t6/libopencm3/lib/libopencm3_stm32f1.a(rcc.o)
                0x000000002000000c                rcc_apb2_frequency
                0x0000000020000010                . = ALIGN (0x4)
                0x0000000020000010                _edata = .
                0x0000000008000d10                _data_loadaddr = LOADADDR (.data)

.igot.plt       0x0000000020000010        0x0 load address 0x0000000008000d20
 .igot.plt      0x0000000020000010        0x0 main.o

.bss            0x0000000020000010     0x44f0 load address 0x0000000008000d20
 *(.bss*)
 .bss.pxEnd     0x0000000020000010        0x4 rtos/heap_4.o
 .bss.ucHeap    0x0000000020000014     0x4400 rtos/heap_4.o
 .bss.xBlockAllocatedBit
                0x0000000020004414        0x4 rtos/heap_4.o
 .bss.xFreeBytesRemaining
                0x0000000020004418        0x4 rtos/heap_4.o
 .bss.xMinimumEverFreeBytesRemaining
                0x000000002000441c        0x4 rtos/heap_4.o
 .bss.xStart    0x0000000020004420        0x8 rtos/heap_4.o
 .bss.pxCurrentTCB
                0x0000000020004428        0x4 rtos/tasks.o
                0x0000000020004428                pxCurrentTCB
 .bss.pxDelayedTaskList
                0x000000002000442c        0x4 rtos/tasks.o
 .bss.pxOverflowDelayedTaskList
                0x0000000020004430        0x4 rtos/tasks.o
 .bss.pxReadyTasksLists
                0x0000000020004434       0x64 rtos/tasks.o
 .bss.uxCurrentNumberOfTasks
                0x0000000020004498        0x4 rtos/tasks.o
 .bss.uxPendedTicks
                0x000000002000449c        0x4 rtos/tasks.o
 .bss.uxSchedulerSuspended
                0x00000000200044a0        0x4 rtos/tasks.o
 .bss.uxTaskNumber
                0x00000000200044a4        0x4 rtos/tasks.o
 .bss.uxTopReadyPriority
                0x00000000200044a8        0x4 rtos/tasks.o
 .bss.xDelayedTaskList1
                0x00000000200044ac       0x14 rtos/tasks.o
 .bss.xDelayedTaskList2
                0x00000000200044c0       0x14 rtos/tasks.o
 .bss.xIdleTaskHandle
                0x00000000200044d4        0x4 rtos/tasks.o
 .bss.xNextTaskUnblockTime
                0x00000000200044d8        0x4 rtos/tasks.o
 .bss.xNumOfOverflows
                0x00000000200044dc        0x4 rtos/tasks.o
 .bss.xPendingReadyList
                0x00000000200044e0       0x14 rtos/tasks.o
 .bss.xSchedulerRunning
                0x00000000200044f4        0x4 rtos/tasks.o
 .bss.xTickCount
                0x00000000200044f8        0x4 rtos/tasks.o
 .bss.xYieldPending
                0x00000000200044fc        0x4 rtos/tasks.o
 *(COMMON)
                0x0000000020004500                . = ALIGN (0x4)
                0x0000000020004500                _ebss = .

/DISCARD/
 *(.eh_frame)
                0x0000000020004500                . = ALIGN (0x4)
                0x0000000020004500                end = .
                0x0000000020005000                PROVIDE (_stack, (ORIGIN (ram) + LENGTH (ram)))
OUTPUT(main.elf elf32-littlearm)

.debug_info     0x0000000000000000     0x5b77
 .debug_info    0x0000000000000000      0x3df main.o
 .debug_info    0x00000000000003df      0xbc5 rtos/heap_4.o
 .debug_info    0x0000000000000fa4      0xaa8 rtos/list.o
 .debug_info    0x0000000000001a4c      0x302 rtos/port.o
 .debug_info    0x0000000000001d4e     0x1e16 rtos/tasks.o
 .debug_info    0x0000000000003b64      0x132 rtos/opencm3.o
 .debug_info    0x0000000000003c96      0x1dd /usr/local/src/STM32/beginning_stm32f103c8t6/libopencm3/lib/libopencm3_stm32f1.a(gpio.o)
 .debug_info    0x0000000000003e73      0x22c /usr/local/src/STM32/beginning_stm32f103c8t6/libopencm3/lib/libopencm3_stm32f1.a(gpio_common_all.o)
 .debug_info    0x000000000000409f     0x114b /usr/local/src/STM32/beginning_stm32f103c8t6/libopencm3/lib/libopencm3_stm32f1.a(rcc.o)
 .debug_info    0x00000000000051ea      0x5f2 /usr/local/src/STM32/beginning_stm32f103c8t6/libopencm3/lib/libopencm3_stm32f1.a(rcc_common_all.o)
 .debug_info    0x00000000000057dc      0x2af /usr/local/src/STM32/beginning_stm32f103c8t6/libopencm3/lib/libopencm3_stm32f1.a(vector.o)
 .debug_info    0x0000000000005a8b       0xec /usr/local/src/STM32/beginning_stm32f103c8t6/libopencm3/lib/libopencm3_stm32f1.a(flash_common_all.o)

.debug_abbrev   0x0000000000000000     0x13e6
 .debug_abbrev  0x0000000000000000      0x147 main.o
 .debug_abbrev  0x0000000000000147      0x2fa rtos/heap_4.o
 .debug_abbrev  0x0000000000000441      0x206 rtos/list.o
 .debug_abbrev  0x0000000000000647      0x1d4 rtos/port.o
 .debug_abbrev  0x000000000000081b      0x438 rtos/tasks.o
 .debug_abbrev  0x0000000000000c53       0x81 rtos/opencm3.o
 .debug_abbrev  0x0000000000000cd4       0xb7 /usr/local/src/STM32/beginning_stm32f103c8t6/libopencm3/lib/libopencm3_stm32f1.a(gpio.o)
 .debug_abbrev  0x0000000000000d8b       0xf4 /usr/local/src/STM32/beginning_stm32f103c8t6/libopencm3/lib/libopencm3_stm32f1.a(gpio_common_all.o)
 .debug_abbrev  0x0000000000000e7f      0x27f /usr/local/src/STM32/beginning_stm32f103c8t6/libopencm3/lib/libopencm3_stm32f1.a(rcc.o)
 .debug_abbrev  0x00000000000010fe      0x137 /usr/local/src/STM32/beginning_stm32f103c8t6/libopencm3/lib/libopencm3_stm32f1.a(rcc_common_all.o)
 .debug_abbrev  0x0000000000001235      0x127 /usr/local/src/STM32/beginning_stm32f103c8t6/libopencm3/lib/libopencm3_stm32f1.a(vector.o)
 .debug_abbrev  0x000000000000135c       0x8a /usr/local/src/STM32/beginning_stm32f103c8t6/libopencm3/lib/libopencm3_stm32f1.a(flash_common_all.o)

.debug_loc      0x0000000000000000     0x1ab4
 .debug_loc     0x0000000000000000       0x6e main.o
 .debug_loc     0x000000000000006e      0x34c rtos/heap_4.o
 .debug_loc     0x00000000000003ba       0x94 rtos/list.o
 .debug_loc     0x000000000000044e       0xa8 rtos/port.o
 .debug_loc     0x00000000000004f6      0xd04 rtos/tasks.o
 .debug_loc     0x00000000000011fa      0x172 /usr/local/src/STM32/beginning_stm32f103c8t6/libopencm3/lib/libopencm3_stm32f1.a(gpio.o)
 .debug_loc     0x000000000000136c       0x97 /usr/local/src/STM32/beginning_stm32f103c8t6/libopencm3/lib/libopencm3_stm32f1.a(gpio_common_all.o)
 .debug_loc     0x0000000000001403      0x480 /usr/local/src/STM32/beginning_stm32f103c8t6/libopencm3/lib/libopencm3_stm32f1.a(rcc.o)
 .debug_loc     0x0000000000001883      0x108 /usr/local/src/STM32/beginning_stm32f103c8t6/libopencm3/lib/libopencm3_stm32f1.a(rcc_common_all.o)
 .debug_loc     0x000000000000198b       0xea /usr/local/src/STM32/beginning_stm32f103c8t6/libopencm3/lib/libopencm3_stm32f1.a(vector.o)
 .debug_loc     0x0000000000001a75       0x3f /usr/local/src/STM32/beginning_stm32f103c8t6/libopencm3/lib/libopencm3_stm32f1.a(flash_common_all.o)

.debug_aranges  0x0000000000000000      0x508
 .debug_aranges
                0x0000000000000000       0x30 main.o
 .debug_aranges
                0x0000000000000030       0x48 rtos/heap_4.o
 .debug_aranges
                0x0000000000000078       0x40 rtos/list.o
 .debug_aranges
                0x00000000000000b8       0x70 rtos/port.o
 .debug_aranges
                0x0000000000000128      0x100 rtos/tasks.o
 .debug_aranges
                0x0000000000000228       0x30 rtos/opencm3.o
 .debug_aranges
                0x0000000000000258       0x38 /usr/local/src/STM32/beginning_stm32f103c8t6/libopencm3/lib/libopencm3_stm32f1.a(gpio.o)
 .debug_aranges
                0x0000000000000290       0x50 /usr/local/src/STM32/beginning_stm32f103c8t6/libopencm3/lib/libopencm3_stm32f1.a(gpio_common_all.o)
 .debug_aranges
                0x00000000000002e0      0x158 /usr/local/src/STM32/beginning_stm32f103c8t6/libopencm3/lib/libopencm3_stm32f1.a(rcc.o)
 .debug_aranges
                0x0000000000000438       0x68 /usr/local/src/STM32/beginning_stm32f103c8t6/libopencm3/lib/libopencm3_stm32f1.a(rcc_common_all.o)
 .debug_aranges
                0x00000000000004a0       0x30 /usr/local/src/STM32/beginning_stm32f103c8t6/libopencm3/lib/libopencm3_stm32f1.a(vector.o)
 .debug_aranges
                0x00000000000004d0       0x38 /usr/local/src/STM32/beginning_stm32f103c8t6/libopencm3/lib/libopencm3_stm32f1.a(flash_common_all.o)

.debug_ranges   0x0000000000000000      0x570
 .debug_ranges  0x0000000000000000       0x20 main.o
 .debug_ranges  0x0000000000000020       0x38 rtos/heap_4.o
 .debug_ranges  0x0000000000000058       0x30 rtos/list.o
 .debug_ranges  0x0000000000000088       0x60 rtos/port.o
 .debug_ranges  0x00000000000000e8      0x1b8 rtos/tasks.o
 .debug_ranges  0x00000000000002a0       0x20 rtos/opencm3.o
 .debug_ranges  0x00000000000002c0       0x28 /usr/local/src/STM32/beginning_stm32f103c8t6/libopencm3/lib/libopencm3_stm32f1.a(gpio.o)
 .debug_ranges  0x00000000000002e8       0x40 /usr/local/src/STM32/beginning_stm32f103c8t6/libopencm3/lib/libopencm3_stm32f1.a(gpio_common_all.o)
 .debug_ranges  0x0000000000000328      0x1a8 /usr/local/src/STM32/beginning_stm32f103c8t6/libopencm3/lib/libopencm3_stm32f1.a(rcc.o)
 .debug_ranges  0x00000000000004d0       0x58 /usr/local/src/STM32/beginning_stm32f103c8t6/libopencm3/lib/libopencm3_stm32f1.a(rcc_common_all.o)
 .debug_ranges  0x0000000000000528       0x20 /usr/local/src/STM32/beginning_stm32f103c8t6/libopencm3/lib/libopencm3_stm32f1.a(vector.o)
 .debug_ranges  0x0000000000000548       0x28 /usr/local/src/STM32/beginning_stm32f103c8t6/libopencm3/lib/libopencm3_stm32f1.a(flash_common_all.o)

.debug_line     0x0000000000000000     0x20b3
 .debug_line    0x0000000000000000      0x1b3 main.o
 .debug_line    0x00000000000001b3      0x1e1 rtos/heap_4.o
 .debug_line    0x0000000000000394      0x175 rtos/list.o
 .debug_line    0x0000000000000509      0x1a0 rtos/port.o
 .debug_line    0x00000000000006a9      0x5dd rtos/tasks.o
 .debug_line    0x0000000000000c86      0x111 rtos/opencm3.o
 .debug_line    0x0000000000000d97      0x25f /usr/local/src/STM32/beginning_stm32f103c8t6/libopencm3/lib/libopencm3_stm32f1.a(gpio.o)
 .debug_line    0x0000000000000ff6      0x295 /usr/local/src/STM32/beginning_stm32f103c8t6/libopencm3/lib/libopencm3_stm32f1.a(gpio_common_all.o)
 .debug_line    0x000000000000128b      0x634 /usr/local/src/STM32/beginning_stm32f103c8t6/libopencm3/lib/libopencm3_stm32f1.a(rcc.o)
 .debug_line    0x00000000000018bf      0x2c0 /usr/local/src/STM32/beginning_stm32f103c8t6/libopencm3/lib/libopencm3_stm32f1.a(rcc_common_all.o)
 .debug_line    0x0000000000001b7f      0x2ad /usr/local/src/STM32/beginning_stm32f103c8t6/libopencm3/lib/libopencm3_stm32f1.a(vector.o)
 .debug_line    0x0000000000001e2c      0x287 /usr/local/src/STM32/beginning_stm32f103c8t6/libopencm3/lib/libopencm3_stm32f1.a(flash_common_all.o)

.debug_str      0x0000000000000000     0xe893
 .debug_str     0x0000000000000000      0x428 main.o
                                        0x4c4 (size before relaxing)
 .debug_str     0x0000000000000428      0x5a5 rtos/heap_4.o
                                        0x73b (size before relaxing)
 .debug_str     0x00000000000009cd      0x135 rtos/list.o
                                        0x696 (size before relaxing)
 .debug_str     0x0000000000000b02      0x183 rtos/port.o
                                        0x31b (size before relaxing)
 .debug_str     0x0000000000000c85      0x77b rtos/tasks.o
                                        0xf9b (size before relaxing)
 .debug_str     0x0000000000001400       0x40 rtos/opencm3.o
                                        0x225 (size before relaxing)
 .debug_str     0x0000000000001440     0x7ae5 /usr/local/src/STM32/beginning_stm32f103c8t6/libopencm3/lib/libopencm3_stm32f1.a(gpio.o)
                                       0x7c94 (size before relaxing)
 .debug_str     0x0000000000008f25       0x74 /usr/local/src/STM32/beginning_stm32f103c8t6/libopencm3/lib/libopencm3_stm32f1.a(gpio_common_all.o)
                                       0x7c88 (size before relaxing)
 .debug_str     0x0000000000008f99     0x30b6 /usr/local/src/STM32/beginning_stm32f103c8t6/libopencm3/lib/libopencm3_stm32f1.a(rcc.o)
                                       0x7587 (size before relaxing)
 .debug_str     0x000000000000c04f      0x35b /usr/local/src/STM32/beginning_stm32f103c8t6/libopencm3/lib/libopencm3_stm32f1.a(rcc_common_all.o)
                                       0x6e9d (size before relaxing)
 .debug_str     0x000000000000c3aa     0x2485 /usr/local/src/STM32/beginning_stm32f103c8t6/libopencm3/lib/libopencm3_stm32f1.a(vector.o)
                                       0x5d66 (size before relaxing)
 .debug_str     0x000000000000e82f       0x64 /usr/local/src/STM32/beginning_stm32f103c8t6/libopencm3/lib/libopencm3_stm32f1.a(flash_common_all.o)
                                       0x4c60 (size before relaxing)

.comment        0x0000000000000000       0x31
 .comment       0x0000000000000000       0x31 main.o
                                         0x32 (size before relaxing)
 .comment       0x0000000000000031       0x32 rtos/heap_4.o
 .comment       0x0000000000000031       0x32 rtos/list.o
 .comment       0x0000000000000031       0x32 rtos/port.o
 .comment       0x0000000000000031       0x32 rtos/tasks.o
 .comment       0x0000000000000031       0x32 rtos/opencm3.o
 .comment       0x0000000000000031       0x32 /usr/local/src/STM32/beginning_stm32f103c8t6/libopencm3/lib/libopencm3_stm32f1.a(gpio.o)
 .comment       0x0000000000000031       0x32 /usr/local/src/STM32/beginning_stm32f103c8t6/libopencm3/lib/libopencm3_stm32f1.a(gpio_common_all.o)
 .comment       0x0000000000000031       0x32 /usr/local/src/STM32/beginning_stm32f103c8t6/libopencm3/lib/libopencm3_stm32f1.a(rcc.o)
 .comment       0x0000000000000031       0x32 /usr/local/src/STM32/beginning_stm32f103c8t6/libopencm3/lib/libopencm3_stm32f1.a(rcc_common_all.o)
 .comment       0x0000000000000031       0x32 /usr/local/src/STM32/beginning_stm32f103c8t6/libopencm3/lib/libopencm3_stm32f1.a(vector.o)
 .comment       0x0000000000000031       0x32 /usr/local/src/STM32/beginning_stm32f103c8t6/libopencm3/lib/libopencm3_stm32f1.a(flash_common_all.o)

.ARM.attributes
                0x0000000000000000       0x33
 .ARM.attributes
                0x0000000000000000       0x33 main.o
 .ARM.attributes
                0x0000000000000033       0x33 rtos/heap_4.o
 .ARM.attributes
                0x0000000000000066       0x33 rtos/list.o
 .ARM.attributes
                0x0000000000000099       0x33 rtos/port.o
 .ARM.attributes
                0x00000000000000cc       0x33 rtos/tasks.o
 .ARM.attributes
                0x00000000000000ff       0x33 rtos/opencm3.o
 .ARM.attributes
                0x0000000000000132       0x33 /usr/local/src/STM32/beginning_stm32f103c8t6/libopencm3/lib/libopencm3_stm32f1.a(gpio.o)
 .ARM.attributes
                0x0000000000000165       0x33 /usr/local/src/STM32/beginning_stm32f103c8t6/libopencm3/lib/libopencm3_stm32f1.a(gpio_common_all.o)
 .ARM.attributes
                0x0000000000000198       0x33 /usr/local/src/STM32/beginning_stm32f103c8t6/libopencm3/lib/libopencm3_stm32f1.a(rcc.o)
 .ARM.attributes
                0x00000000000001cb       0x33 /usr/local/src/STM32/beginning_stm32f103c8t6/libopencm3/lib/libopencm3_stm32f1.a(rcc_common_all.o)
 .ARM.attributes
                0x00000000000001fe       0x33 /usr/local/src/STM32/beginning_stm32f103c8t6/libopencm3/lib/libopencm3_stm32f1.a(vector.o)
 .ARM.attributes
                0x0000000000000231       0x33 /usr/local/src/STM32/beginning_stm32f103c8t6/libopencm3/lib/libopencm3_stm32f1.a(flash_common_all.o)

.debug_frame    0x0000000000000000      0xaa8
 .debug_frame   0x0000000000000000       0x50 main.o
 .debug_frame   0x0000000000000050       0x98 rtos/heap_4.o
 .debug_frame   0x00000000000000e8       0x6c rtos/list.o
 .debug_frame   0x0000000000000154       0xd0 rtos/port.o
 .debug_frame   0x0000000000000224      0x314 rtos/tasks.o
 .debug_frame   0x0000000000000538       0x40 rtos/opencm3.o
 .debug_frame   0x0000000000000578       0x64 /usr/local/src/STM32/beginning_stm32f103c8t6/libopencm3/lib/libopencm3_stm32f1.a(gpio.o)
 .debug_frame   0x00000000000005dc       0x80 /usr/local/src/STM32/beginning_stm32f103c8t6/libopencm3/lib/libopencm3_stm32f1.a(gpio_common_all.o)
 .debug_frame   0x000000000000065c      0x2e0 /usr/local/src/STM32/beginning_stm32f103c8t6/libopencm3/lib/libopencm3_stm32f1.a(rcc.o)
 .debug_frame   0x000000000000093c       0xd0 /usr/local/src/STM32/beginning_stm32f103c8t6/libopencm3/lib/libopencm3_stm32f1.a(rcc_common_all.o)
 .debug_frame   0x0000000000000a0c       0x4c /usr/local/src/STM32/beginning_stm32f103c8t6/libopencm3/lib/libopencm3_stm32f1.a(vector.o)
 .debug_frame   0x0000000000000a58       0x50 /usr/local/src/STM32/beginning_stm32f103c8t6/libopencm3/lib/libopencm3_stm32f1.a(flash_common_all.o)

.debug_macro    0x0000000000000000     0x326e
 .debug_macro   0x0000000000000000       0xb8 /usr/local/src/STM32/beginning_stm32f103c8t6/libopencm3/lib/libopencm3_stm32f1.a(gpio.o)
 .debug_macro   0x00000000000000b8      0x8aa /usr/local/src/STM32/beginning_stm32f103c8t6/libopencm3/lib/libopencm3_stm32f1.a(gpio.o)
 .debug_macro   0x0000000000000962       0x1c /usr/local/src/STM32/beginning_stm32f103c8t6/libopencm3/lib/libopencm3_stm32f1.a(gpio.o)
 .debug_macro   0x000000000000097e       0x22 /usr/local/src/STM32/beginning_stm32f103c8t6/libopencm3/lib/libopencm3_stm32f1.a(gpio.o)
 .debug_macro   0x00000000000009a0       0x4f /usr/local/src/STM32/beginning_stm32f103c8t6/libopencm3/lib/libopencm3_stm32f1.a(gpio.o)
 .debug_macro   0x00000000000009ef       0x44 /usr/local/src/STM32/beginning_stm32f103c8t6/libopencm3/lib/libopencm3_stm32f1.a(gpio.o)
 .debug_macro   0x0000000000000a33       0xfd /usr/local/src/STM32/beginning_stm32f103c8t6/libopencm3/lib/libopencm3_stm32f1.a(gpio.o)
 .debug_macro   0x0000000000000b30       0x5e /usr/local/src/STM32/beginning_stm32f103c8t6/libopencm3/lib/libopencm3_stm32f1.a(gpio.o)
 .debug_macro   0x0000000000000b8e      0x1df /usr/local/src/STM32/beginning_stm32f103c8t6/libopencm3/lib/libopencm3_stm32f1.a(gpio.o)
 .debug_macro   0x0000000000000d6d       0x22 /usr/local/src/STM32/beginning_stm32f103c8t6/libopencm3/lib/libopencm3_stm32f1.a(gpio.o)
 .debug_macro   0x0000000000000d8f       0xe8 /usr/local/src/STM32/beginning_stm32f103c8t6/libopencm3/lib/libopencm3_stm32f1.a(gpio.o)
 .debug_macro   0x0000000000000e77       0x76 /usr/local/src/STM32/beginning_stm32f103c8t6/libopencm3/lib/libopencm3_stm32f1.a(gpio.o)
 .debug_macro   0x0000000000000eed      0x1b4 /usr/local/src/STM32/beginning_stm32f103c8t6/libopencm3/lib/libopencm3_stm32f1.a(gpio.o)
 .debug_macro   0x00000000000010a1       0x76 /usr/local/src/STM32/beginning_stm32f103c8t6/libopencm3/lib/libopencm3_stm32f1.a(gpio.o)
 .debug_macro   0x0000000000001117      0xe04 /usr/local/src/STM32/beginning_stm32f103c8t6/libopencm3/lib/libopencm3_stm32f1.a(gpio.o)
 .debug_macro   0x0000000000001f1b       0xb8 /usr/local/src/STM32/beginning_stm32f103c8t6/libopencm3/lib/libopencm3_stm32f1.a(gpio_common_all.o)
 .debug_macro   0x0000000000001fd3       0xe7 /usr/local/src/STM32/beginning_stm32f103c8t6/libopencm3/lib/libopencm3_stm32f1.a(rcc.o)
 .debug_macro   0x00000000000020ba       0x16 /usr/local/src/STM32/beginning_stm32f103c8t6/libopencm3/lib/libopencm3_stm32f1.a(rcc.o)
 .debug_macro   0x00000000000020d0      0x82c /usr/local/src/STM32/beginning_stm32f103c8t6/libopencm3/lib/libopencm3_stm32f1.a(rcc.o)
 .debug_macro   0x00000000000028fc       0xee /usr/local/src/STM32/beginning_stm32f103c8t6/libopencm3/lib/libopencm3_stm32f1.a(rcc.o)
 .debug_macro   0x00000000000029ea       0x82 /usr/local/src/STM32/beginning_stm32f103c8t6/libopencm3/lib/libopencm3_stm32f1.a(rcc.o)
 .debug_macro   0x0000000000002a6c       0xce /usr/local/src/STM32/beginning_stm32f103c8t6/libopencm3/lib/libopencm3_stm32f1.a(rcc_common_all.o)
 .debug_macro   0x0000000000002b3a       0xcf /usr/local/src/STM32/beginning_stm32f103c8t6/libopencm3/lib/libopencm3_stm32f1.a(vector.o)
 .debug_macro   0x0000000000002c09      0x395 /usr/local/src/STM32/beginning_stm32f103c8t6/libopencm3/lib/libopencm3_stm32f1.a(vector.o)
 .debug_macro   0x0000000000002f9e       0x6e /usr/local/src/STM32/beginning_stm32f103c8t6/libopencm3/lib/libopencm3_stm32f1.a(vector.o)
 .debug_macro   0x000000000000300c      0x1a2 /usr/local/src/STM32/beginning_stm32f103c8t6/libopencm3/lib/libopencm3_stm32f1.a(vector.o)
 .debug_macro   0x00000000000031ae       0xc0 /usr/local/src/STM32/beginning_stm32f103c8t6/libopencm3/lib/libopencm3_stm32f1.a(flash_common_all.o)
