Archive member included to satisfy reference by file (symbol)

/usr/local/src/STM32/beginning_stm32f103c8t6/libopencm3/lib/libopencm3_stm32f1.a(gpio.o)
                              main.o (gpio_set_mode)
/usr/local/src/STM32/beginning_stm32f103c8t6/libopencm3/lib/libopencm3_stm32f1.a(gpio_common_all.o)
                              main.o (gpio_toggle)
/usr/local/src/STM32/beginning_stm32f103c8t6/libopencm3/lib/libopencm3_stm32f1.a(rcc.o)
                              main.o (rcc_clock_setup_in_hse_8mhz_out_72mhz)
/usr/local/src/STM32/beginning_stm32f103c8t6/libopencm3/lib/libopencm3_stm32f1.a(rcc_common_all.o)
                              main.o (rcc_periph_clock_enable)
/usr/local/src/STM32/beginning_stm32f103c8t6/libopencm3/lib/libopencm3_stm32f1.a(vector.o)
                              (reset_handler)
/usr/local/src/STM32/beginning_stm32f103c8t6/libopencm3/lib/libopencm3_stm32f1.a(assert.o)
                              /usr/local/src/STM32/beginning_stm32f103c8t6/libopencm3/lib/libopencm3_stm32f1.a(rcc.o) (cm3_assert_failed)
/usr/local/src/STM32/beginning_stm32f103c8t6/libopencm3/lib/libopencm3_stm32f1.a(flash_common_all.o)
                              /usr/local/src/STM32/beginning_stm32f103c8t6/libopencm3/lib/libopencm3_stm32f1.a(rcc.o) (flash_set_ws)

Discarded input sections

 .text          0x0000000000000000        0x0 main.o
 .data          0x0000000000000000        0x0 main.o
 .bss           0x0000000000000000        0x0 main.o
 .text          0x0000000000000000        0x0 rtos/heap_4.o
 .data          0x0000000000000000        0x0 rtos/heap_4.o
 .bss           0x0000000000000000        0x0 rtos/heap_4.o
 .text.xPortGetFreeHeapSize
                0x0000000000000000        0xc rtos/heap_4.o
 .text.xPortGetMinimumEverFreeHeapSize
                0x0000000000000000        0xc rtos/heap_4.o
 .text.vPortInitialiseBlocks
                0x0000000000000000        0x2 rtos/heap_4.o
 .text          0x0000000000000000        0x0 rtos/list.o
 .data          0x0000000000000000        0x0 rtos/list.o
 .bss           0x0000000000000000        0x0 rtos/list.o
 .text          0x0000000000000000        0x0 rtos/port.o
 .data          0x0000000000000000        0x0 rtos/port.o
 .bss           0x0000000000000000        0x0 rtos/port.o
 .text.vPortEndScheduler
                0x0000000000000000        0x2 rtos/port.o
 .text          0x0000000000000000        0x0 rtos/tasks.o
 .data          0x0000000000000000        0x0 rtos/tasks.o
 .bss           0x0000000000000000        0x0 rtos/tasks.o
 .text.vTaskEndScheduler
                0x0000000000000000       0x20 rtos/tasks.o
 .text.xTaskGetTickCount
                0x0000000000000000        0xc rtos/tasks.o
 .text.xTaskGetTickCountFromISR
                0x0000000000000000        0xc rtos/tasks.o
 .text.uxTaskGetNumberOfTasks
                0x0000000000000000        0xc rtos/tasks.o
 .text.pcTaskGetName
                0x0000000000000000       0x10 rtos/tasks.o
 .text.vTaskPlaceOnEventList
                0x0000000000000000       0x1c rtos/tasks.o
 .text.vTaskPlaceOnUnorderedEventList
                0x0000000000000000       0x24 rtos/tasks.o
 .text.xTaskRemoveFromEventList
                0x0000000000000000       0x70 rtos/tasks.o
 .text.vTaskRemoveFromUnorderedEventList
                0x0000000000000000       0x58 rtos/tasks.o
 .text.vTaskSetTimeOutState
                0x0000000000000000       0x24 rtos/tasks.o
 .text.vTaskInternalSetTimeOutState
                0x0000000000000000       0x18 rtos/tasks.o
 .text.xTaskCheckForTimeOut
                0x0000000000000000       0x4c rtos/tasks.o
 .text.vTaskMissedYield
                0x0000000000000000        0xc rtos/tasks.o
 .text.uxTaskResetEventItemValue
                0x0000000000000000       0x18 rtos/tasks.o
 .text.ulTaskNotifyTake
                0x0000000000000000       0x64 rtos/tasks.o
 .text.xTaskNotifyWait
                0x0000000000000000       0x88 rtos/tasks.o
 .text.xTaskGenericNotify
                0x0000000000000000       0xa4 rtos/tasks.o
 .text.xTaskGenericNotifyFromISR
                0x0000000000000000       0xc4 rtos/tasks.o
 .text.vTaskNotifyGiveFromISR
                0x0000000000000000       0x9c rtos/tasks.o
 .text.xTaskNotifyStateClear
                0x0000000000000000       0x2c rtos/tasks.o
 .text          0x0000000000000000        0x0 rtos/opencm3.o
 .data          0x0000000000000000        0x0 rtos/opencm3.o
 .bss           0x0000000000000000        0x0 rtos/opencm3.o
 .group         0x0000000000000000        0x8 /usr/local/src/STM32/beginning_stm32f103c8t6/libopencm3/lib/libopencm3_stm32f1.a(gpio.o)
 .group         0x0000000000000000        0x8 /usr/local/src/STM32/beginning_stm32f103c8t6/libopencm3/lib/libopencm3_stm32f1.a(gpio.o)
 .group         0x0000000000000000        0x8 /usr/local/src/STM32/beginning_stm32f103c8t6/libopencm3/lib/libopencm3_stm32f1.a(gpio.o)
 .group         0x0000000000000000        0x8 /usr/local/src/STM32/beginning_stm32f103c8t6/libopencm3/lib/libopencm3_stm32f1.a(gpio.o)
 .group         0x0000000000000000        0x8 /usr/local/src/STM32/beginning_stm32f103c8t6/libopencm3/lib/libopencm3_stm32f1.a(gpio.o)
 .group         0x0000000000000000        0x8 /usr/local/src/STM32/beginning_stm32f103c8t6/libopencm3/lib/libopencm3_stm32f1.a(gpio.o)
 .group         0x0000000000000000        0x8 /usr/local/src/STM32/beginning_stm32f103c8t6/libopencm3/lib/libopencm3_stm32f1.a(gpio.o)
 .group         0x0000000000000000        0x8 /usr/local/src/STM32/beginning_stm32f103c8t6/libopencm3/lib/libopencm3_stm32f1.a(gpio.o)
 .group         0x0000000000000000        0x8 /usr/local/src/STM32/beginning_stm32f103c8t6/libopencm3/lib/libopencm3_stm32f1.a(gpio.o)
 .group         0x0000000000000000        0x8 /usr/local/src/STM32/beginning_stm32f103c8t6/libopencm3/lib/libopencm3_stm32f1.a(gpio.o)
 .group         0x0000000000000000        0x8 /usr/local/src/STM32/beginning_stm32f103c8t6/libopencm3/lib/libopencm3_stm32f1.a(gpio.o)
 .group         0x0000000000000000        0x8 /usr/local/src/STM32/beginning_stm32f103c8t6/libopencm3/lib/libopencm3_stm32f1.a(gpio.o)
 .group         0x0000000000000000        0x8 /usr/local/src/STM32/beginning_stm32f103c8t6/libopencm3/lib/libopencm3_stm32f1.a(gpio.o)
 .group         0x0000000000000000        0x8 /usr/local/src/STM32/beginning_stm32f103c8t6/libopencm3/lib/libopencm3_stm32f1.a(gpio.o)
 .text          0x0000000000000000        0x0 /usr/local/src/STM32/beginning_stm32f103c8t6/libopencm3/lib/libopencm3_stm32f1.a(gpio.o)
 .data          0x0000000000000000        0x0 /usr/local/src/STM32/beginning_stm32f103c8t6/libopencm3/lib/libopencm3_stm32f1.a(gpio.o)
 .bss           0x0000000000000000        0x0 /usr/local/src/STM32/beginning_stm32f103c8t6/libopencm3/lib/libopencm3_stm32f1.a(gpio.o)
 .text.gpio_set_eventout
                0x0000000000000000       0x10 /usr/local/src/STM32/beginning_stm32f103c8t6/libopencm3/lib/libopencm3_stm32f1.a(gpio.o)
 .text.gpio_primary_remap
                0x0000000000000000       0x14 /usr/local/src/STM32/beginning_stm32f103c8t6/libopencm3/lib/libopencm3_stm32f1.a(gpio.o)
 .text.gpio_secondary_remap
                0x0000000000000000       0x10 /usr/local/src/STM32/beginning_stm32f103c8t6/libopencm3/lib/libopencm3_stm32f1.a(gpio.o)
 .group         0x0000000000000000        0x8 /usr/local/src/STM32/beginning_stm32f103c8t6/libopencm3/lib/libopencm3_stm32f1.a(gpio_common_all.o)
 .group         0x0000000000000000        0x8 /usr/local/src/STM32/beginning_stm32f103c8t6/libopencm3/lib/libopencm3_stm32f1.a(gpio_common_all.o)
 .group         0x0000000000000000        0x8 /usr/local/src/STM32/beginning_stm32f103c8t6/libopencm3/lib/libopencm3_stm32f1.a(gpio_common_all.o)
 .group         0x0000000000000000        0x8 /usr/local/src/STM32/beginning_stm32f103c8t6/libopencm3/lib/libopencm3_stm32f1.a(gpio_common_all.o)
 .group         0x0000000000000000        0x8 /usr/local/src/STM32/beginning_stm32f103c8t6/libopencm3/lib/libopencm3_stm32f1.a(gpio_common_all.o)
 .group         0x0000000000000000        0x8 /usr/local/src/STM32/beginning_stm32f103c8t6/libopencm3/lib/libopencm3_stm32f1.a(gpio_common_all.o)
 .group         0x0000000000000000        0x8 /usr/local/src/STM32/beginning_stm32f103c8t6/libopencm3/lib/libopencm3_stm32f1.a(gpio_common_all.o)
 .group         0x0000000000000000        0x8 /usr/local/src/STM32/beginning_stm32f103c8t6/libopencm3/lib/libopencm3_stm32f1.a(gpio_common_all.o)
 .group         0x0000000000000000        0x8 /usr/local/src/STM32/beginning_stm32f103c8t6/libopencm3/lib/libopencm3_stm32f1.a(gpio_common_all.o)
 .group         0x0000000000000000        0x8 /usr/local/src/STM32/beginning_stm32f103c8t6/libopencm3/lib/libopencm3_stm32f1.a(gpio_common_all.o)
 .group         0x0000000000000000        0x8 /usr/local/src/STM32/beginning_stm32f103c8t6/libopencm3/lib/libopencm3_stm32f1.a(gpio_common_all.o)
 .group         0x0000000000000000        0x8 /usr/local/src/STM32/beginning_stm32f103c8t6/libopencm3/lib/libopencm3_stm32f1.a(gpio_common_all.o)
 .group         0x0000000000000000        0x8 /usr/local/src/STM32/beginning_stm32f103c8t6/libopencm3/lib/libopencm3_stm32f1.a(gpio_common_all.o)
 .group         0x0000000000000000        0x8 /usr/local/src/STM32/beginning_stm32f103c8t6/libopencm3/lib/libopencm3_stm32f1.a(gpio_common_all.o)
 .text          0x0000000000000000        0x0 /usr/local/src/STM32/beginning_stm32f103c8t6/libopencm3/lib/libopencm3_stm32f1.a(gpio_common_all.o)
 .data          0x0000000000000000        0x0 /usr/local/src/STM32/beginning_stm32f103c8t6/libopencm3/lib/libopencm3_stm32f1.a(gpio_common_all.o)
 .bss           0x0000000000000000        0x0 /usr/local/src/STM32/beginning_stm32f103c8t6/libopencm3/lib/libopencm3_stm32f1.a(gpio_common_all.o)
 .text.gpio_set
                0x0000000000000000        0x4 /usr/local/src/STM32/beginning_stm32f103c8t6/libopencm3/lib/libopencm3_stm32f1.a(gpio_common_all.o)
 .text.gpio_clear
                0x0000000000000000        0x6 /usr/local/src/STM32/beginning_stm32f103c8t6/libopencm3/lib/libopencm3_stm32f1.a(gpio_common_all.o)
 .text.gpio_get
                0x0000000000000000        0x6 /usr/local/src/STM32/beginning_stm32f103c8t6/libopencm3/lib/libopencm3_stm32f1.a(gpio_common_all.o)
 .text.gpio_port_read
                0x0000000000000000        0x6 /usr/local/src/STM32/beginning_stm32f103c8t6/libopencm3/lib/libopencm3_stm32f1.a(gpio_common_all.o)
 .text.gpio_port_write
                0x0000000000000000        0x4 /usr/local/src/STM32/beginning_stm32f103c8t6/libopencm3/lib/libopencm3_stm32f1.a(gpio_common_all.o)
 .text.gpio_port_config_lock
                0x0000000000000000       0x10 /usr/local/src/STM32/beginning_stm32f103c8t6/libopencm3/lib/libopencm3_stm32f1.a(gpio_common_all.o)
 .debug_macro   0x0000000000000000      0x8aa /usr/local/src/STM32/beginning_stm32f103c8t6/libopencm3/lib/libopencm3_stm32f1.a(gpio_common_all.o)
 .debug_macro   0x0000000000000000       0x1c /usr/local/src/STM32/beginning_stm32f103c8t6/libopencm3/lib/libopencm3_stm32f1.a(gpio_common_all.o)
 .debug_macro   0x0000000000000000       0x22 /usr/local/src/STM32/beginning_stm32f103c8t6/libopencm3/lib/libopencm3_stm32f1.a(gpio_common_all.o)
 .debug_macro   0x0000000000000000       0x4f /usr/local/src/STM32/beginning_stm32f103c8t6/libopencm3/lib/libopencm3_stm32f1.a(gpio_common_all.o)
 .debug_macro   0x0000000000000000       0x44 /usr/local/src/STM32/beginning_stm32f103c8t6/libopencm3/lib/libopencm3_stm32f1.a(gpio_common_all.o)
 .debug_macro   0x0000000000000000       0xfd /usr/local/src/STM32/beginning_stm32f103c8t6/libopencm3/lib/libopencm3_stm32f1.a(gpio_common_all.o)
 .debug_macro   0x0000000000000000       0x5e /usr/local/src/STM32/beginning_stm32f103c8t6/libopencm3/lib/libopencm3_stm32f1.a(gpio_common_all.o)
 .debug_macro   0x0000000000000000      0x1df /usr/local/src/STM32/beginning_stm32f103c8t6/libopencm3/lib/libopencm3_stm32f1.a(gpio_common_all.o)
 .debug_macro   0x0000000000000000       0x22 /usr/local/src/STM32/beginning_stm32f103c8t6/libopencm3/lib/libopencm3_stm32f1.a(gpio_common_all.o)
 .debug_macro   0x0000000000000000       0xe8 /usr/local/src/STM32/beginning_stm32f103c8t6/libopencm3/lib/libopencm3_stm32f1.a(gpio_common_all.o)
 .debug_macro   0x0000000000000000       0x76 /usr/local/src/STM32/beginning_stm32f103c8t6/libopencm3/lib/libopencm3_stm32f1.a(gpio_common_all.o)
 .debug_macro   0x0000000000000000      0x1b4 /usr/local/src/STM32/beginning_stm32f103c8t6/libopencm3/lib/libopencm3_stm32f1.a(gpio_common_all.o)
 .debug_macro   0x0000000000000000       0x76 /usr/local/src/STM32/beginning_stm32f103c8t6/libopencm3/lib/libopencm3_stm32f1.a(gpio_common_all.o)
 .debug_macro   0x0000000000000000      0xe04 /usr/local/src/STM32/beginning_stm32f103c8t6/libopencm3/lib/libopencm3_stm32f1.a(gpio_common_all.o)
 .group         0x0000000000000000        0x8 /usr/local/src/STM32/beginning_stm32f103c8t6/libopencm3/lib/libopencm3_stm32f1.a(rcc.o)
 .group         0x0000000000000000        0x8 /usr/local/src/STM32/beginning_stm32f103c8t6/libopencm3/lib/libopencm3_stm32f1.a(rcc.o)
 .group         0x0000000000000000        0x8 /usr/local/src/STM32/beginning_stm32f103c8t6/libopencm3/lib/libopencm3_stm32f1.a(rcc.o)
 .group         0x0000000000000000        0x8 /usr/local/src/STM32/beginning_stm32f103c8t6/libopencm3/lib/libopencm3_stm32f1.a(rcc.o)
 .group         0x0000000000000000        0x8 /usr/local/src/STM32/beginning_stm32f103c8t6/libopencm3/lib/libopencm3_stm32f1.a(rcc.o)
 .group         0x0000000000000000        0x8 /usr/local/src/STM32/beginning_stm32f103c8t6/libopencm3/lib/libopencm3_stm32f1.a(rcc.o)
 .group         0x0000000000000000        0x8 /usr/local/src/STM32/beginning_stm32f103c8t6/libopencm3/lib/libopencm3_stm32f1.a(rcc.o)
 .group         0x0000000000000000        0x8 /usr/local/src/STM32/beginning_stm32f103c8t6/libopencm3/lib/libopencm3_stm32f1.a(rcc.o)
 .group         0x0000000000000000        0x8 /usr/local/src/STM32/beginning_stm32f103c8t6/libopencm3/lib/libopencm3_stm32f1.a(rcc.o)
 .group         0x0000000000000000        0x8 /usr/local/src/STM32/beginning_stm32f103c8t6/libopencm3/lib/libopencm3_stm32f1.a(rcc.o)
 .group         0x0000000000000000        0x8 /usr/local/src/STM32/beginning_stm32f103c8t6/libopencm3/lib/libopencm3_stm32f1.a(rcc.o)
 .group         0x0000000000000000        0x8 /usr/local/src/STM32/beginning_stm32f103c8t6/libopencm3/lib/libopencm3_stm32f1.a(rcc.o)
 .group         0x0000000000000000        0x8 /usr/local/src/STM32/beginning_stm32f103c8t6/libopencm3/lib/libopencm3_stm32f1.a(rcc.o)
 .group         0x0000000000000000        0x8 /usr/local/src/STM32/beginning_stm32f103c8t6/libopencm3/lib/libopencm3_stm32f1.a(rcc.o)
 .group         0x0000000000000000        0x8 /usr/local/src/STM32/beginning_stm32f103c8t6/libopencm3/lib/libopencm3_stm32f1.a(rcc.o)
 .group         0x0000000000000000        0x8 /usr/local/src/STM32/beginning_stm32f103c8t6/libopencm3/lib/libopencm3_stm32f1.a(rcc.o)
 .text          0x0000000000000000        0x0 /usr/local/src/STM32/beginning_stm32f103c8t6/libopencm3/lib/libopencm3_stm32f1.a(rcc.o)
 .data          0x0000000000000000        0x0 /usr/local/src/STM32/beginning_stm32f103c8t6/libopencm3/lib/libopencm3_stm32f1.a(rcc.o)
 .bss           0x0000000000000000        0x0 /usr/local/src/STM32/beginning_stm32f103c8t6/libopencm3/lib/libopencm3_stm32f1.a(rcc.o)
 .text.rcc_osc_ready_int_clear
                0x0000000000000000       0x5c /usr/local/src/STM32/beginning_stm32f103c8t6/libopencm3/lib/libopencm3_stm32f1.a(rcc.o)
 .text.rcc_osc_ready_int_enable
                0x0000000000000000       0x5c /usr/local/src/STM32/beginning_stm32f103c8t6/libopencm3/lib/libopencm3_stm32f1.a(rcc.o)
 .text.rcc_osc_ready_int_disable
                0x0000000000000000       0x5c /usr/local/src/STM32/beginning_stm32f103c8t6/libopencm3/lib/libopencm3_stm32f1.a(rcc.o)
 .text.rcc_osc_ready_int_flag
                0x0000000000000000       0x54 /usr/local/src/STM32/beginning_stm32f103c8t6/libopencm3/lib/libopencm3_stm32f1.a(rcc.o)
 .text.rcc_css_int_clear
                0x0000000000000000       0x10 /usr/local/src/STM32/beginning_stm32f103c8t6/libopencm3/lib/libopencm3_stm32f1.a(rcc.o)
 .text.rcc_css_int_flag
                0x0000000000000000       0x10 /usr/local/src/STM32/beginning_stm32f103c8t6/libopencm3/lib/libopencm3_stm32f1.a(rcc.o)
 .text.rcc_osc_off
                0x0000000000000000       0x58 /usr/local/src/STM32/beginning_stm32f103c8t6/libopencm3/lib/libopencm3_stm32f1.a(rcc.o)
 .text.rcc_css_enable
                0x0000000000000000       0x10 /usr/local/src/STM32/beginning_stm32f103c8t6/libopencm3/lib/libopencm3_stm32f1.a(rcc.o)
 .text.rcc_css_disable
                0x0000000000000000       0x10 /usr/local/src/STM32/beginning_stm32f103c8t6/libopencm3/lib/libopencm3_stm32f1.a(rcc.o)
 .text.rcc_set_pll2_multiplication_factor
                0x0000000000000000       0x14 /usr/local/src/STM32/beginning_stm32f103c8t6/libopencm3/lib/libopencm3_stm32f1.a(rcc.o)
 .text.rcc_set_pll3_multiplication_factor
                0x0000000000000000       0x14 /usr/local/src/STM32/beginning_stm32f103c8t6/libopencm3/lib/libopencm3_stm32f1.a(rcc.o)
 .text.rcc_rtc_clock_enabled_flag
                0x0000000000000000       0x10 /usr/local/src/STM32/beginning_stm32f103c8t6/libopencm3/lib/libopencm3_stm32f1.a(rcc.o)
 .text.rcc_enable_rtc_clock
                0x0000000000000000       0x10 /usr/local/src/STM32/beginning_stm32f103c8t6/libopencm3/lib/libopencm3_stm32f1.a(rcc.o)
 .text.rcc_set_rtc_clock_source
                0x0000000000000000       0x90 /usr/local/src/STM32/beginning_stm32f103c8t6/libopencm3/lib/libopencm3_stm32f1.a(rcc.o)
 .text.rcc_set_usbpre
                0x0000000000000000       0x18 /usr/local/src/STM32/beginning_stm32f103c8t6/libopencm3/lib/libopencm3_stm32f1.a(rcc.o)
 .text.rcc_set_prediv1
                0x0000000000000000       0x14 /usr/local/src/STM32/beginning_stm32f103c8t6/libopencm3/lib/libopencm3_stm32f1.a(rcc.o)
 .text.rcc_set_prediv2
                0x0000000000000000       0x14 /usr/local/src/STM32/beginning_stm32f103c8t6/libopencm3/lib/libopencm3_stm32f1.a(rcc.o)
 .text.rcc_set_prediv1_source
                0x0000000000000000       0x18 /usr/local/src/STM32/beginning_stm32f103c8t6/libopencm3/lib/libopencm3_stm32f1.a(rcc.o)
 .text.rcc_system_clock_source
                0x0000000000000000       0x10 /usr/local/src/STM32/beginning_stm32f103c8t6/libopencm3/lib/libopencm3_stm32f1.a(rcc.o)
 .text.rcc_clock_setup_in_hsi_out_64mhz
                0x0000000000000000       0x74 /usr/local/src/STM32/beginning_stm32f103c8t6/libopencm3/lib/libopencm3_stm32f1.a(rcc.o)
 .text.rcc_clock_setup_in_hsi_out_48mhz
                0x0000000000000000       0x84 /usr/local/src/STM32/beginning_stm32f103c8t6/libopencm3/lib/libopencm3_stm32f1.a(rcc.o)
 .text.rcc_clock_setup_in_hsi_out_24mhz
                0x0000000000000000       0x70 /usr/local/src/STM32/beginning_stm32f103c8t6/libopencm3/lib/libopencm3_stm32f1.a(rcc.o)
 .text.rcc_clock_setup_in_hse_8mhz_out_24mhz
                0x0000000000000000       0x88 /usr/local/src/STM32/beginning_stm32f103c8t6/libopencm3/lib/libopencm3_stm32f1.a(rcc.o)
 .text.rcc_clock_setup_in_hse_12mhz_out_72mhz
                0x0000000000000000       0x8c /usr/local/src/STM32/beginning_stm32f103c8t6/libopencm3/lib/libopencm3_stm32f1.a(rcc.o)
 .text.rcc_clock_setup_in_hse_16mhz_out_72mhz
                0x0000000000000000       0x8c /usr/local/src/STM32/beginning_stm32f103c8t6/libopencm3/lib/libopencm3_stm32f1.a(rcc.o)
 .text.rcc_clock_setup_in_hse_25mhz_out_72mhz
                0x0000000000000000       0xac /usr/local/src/STM32/beginning_stm32f103c8t6/libopencm3/lib/libopencm3_stm32f1.a(rcc.o)
 .text.rcc_backupdomain_reset
                0x0000000000000000       0x18 /usr/local/src/STM32/beginning_stm32f103c8t6/libopencm3/lib/libopencm3_stm32f1.a(rcc.o)
 .debug_macro   0x0000000000000000      0x8aa /usr/local/src/STM32/beginning_stm32f103c8t6/libopencm3/lib/libopencm3_stm32f1.a(rcc.o)
 .debug_macro   0x0000000000000000       0x1c /usr/local/src/STM32/beginning_stm32f103c8t6/libopencm3/lib/libopencm3_stm32f1.a(rcc.o)
 .debug_macro   0x0000000000000000       0x22 /usr/local/src/STM32/beginning_stm32f103c8t6/libopencm3/lib/libopencm3_stm32f1.a(rcc.o)
 .debug_macro   0x0000000000000000       0x4f /usr/local/src/STM32/beginning_stm32f103c8t6/libopencm3/lib/libopencm3_stm32f1.a(rcc.o)
 .debug_macro   0x0000000000000000       0x44 /usr/local/src/STM32/beginning_stm32f103c8t6/libopencm3/lib/libopencm3_stm32f1.a(rcc.o)
 .debug_macro   0x0000000000000000       0xfd /usr/local/src/STM32/beginning_stm32f103c8t6/libopencm3/lib/libopencm3_stm32f1.a(rcc.o)
 .debug_macro   0x0000000000000000       0x5e /usr/local/src/STM32/beginning_stm32f103c8t6/libopencm3/lib/libopencm3_stm32f1.a(rcc.o)
 .debug_macro   0x0000000000000000      0x1df /usr/local/src/STM32/beginning_stm32f103c8t6/libopencm3/lib/libopencm3_stm32f1.a(rcc.o)
 .debug_macro   0x0000000000000000       0x22 /usr/local/src/STM32/beginning_stm32f103c8t6/libopencm3/lib/libopencm3_stm32f1.a(rcc.o)
 .debug_macro   0x0000000000000000       0xe8 /usr/local/src/STM32/beginning_stm32f103c8t6/libopencm3/lib/libopencm3_stm32f1.a(rcc.o)
 .debug_macro   0x0000000000000000       0x76 /usr/local/src/STM32/beginning_stm32f103c8t6/libopencm3/lib/libopencm3_stm32f1.a(rcc.o)
 .debug_macro   0x0000000000000000      0x1b4 /usr/local/src/STM32/beginning_stm32f103c8t6/libopencm3/lib/libopencm3_stm32f1.a(rcc.o)
 .group         0x0000000000000000        0x8 /usr/local/src/STM32/beginning_stm32f103c8t6/libopencm3/lib/libopencm3_stm32f1.a(rcc_common_all.o)
 .group         0x0000000000000000        0x8 /usr/local/src/STM32/beginning_stm32f103c8t6/libopencm3/lib/libopencm3_stm32f1.a(rcc_common_all.o)
 .group         0x0000000000000000        0x8 /usr/local/src/STM32/beginning_stm32f103c8t6/libopencm3/lib/libopencm3_stm32f1.a(rcc_common_all.o)
 .group         0x0000000000000000        0x8 /usr/local/src/STM32/beginning_stm32f103c8t6/libopencm3/lib/libopencm3_stm32f1.a(rcc_common_all.o)
 .group         0x0000000000000000        0x8 /usr/local/src/STM32/beginning_stm32f103c8t6/libopencm3/lib/libopencm3_stm32f1.a(rcc_common_all.o)
 .group         0x0000000000000000        0x8 /usr/local/src/STM32/beginning_stm32f103c8t6/libopencm3/lib/libopencm3_stm32f1.a(rcc_common_all.o)
 .group         0x0000000000000000        0x8 /usr/local/src/STM32/beginning_stm32f103c8t6/libopencm3/lib/libopencm3_stm32f1.a(rcc_common_all.o)
 .group         0x0000000000000000        0x8 /usr/local/src/STM32/beginning_stm32f103c8t6/libopencm3/lib/libopencm3_stm32f1.a(rcc_common_all.o)
 .group         0x0000000000000000        0x8 /usr/local/src/STM32/beginning_stm32f103c8t6/libopencm3/lib/libopencm3_stm32f1.a(rcc_common_all.o)
 .group         0x0000000000000000        0x8 /usr/local/src/STM32/beginning_stm32f103c8t6/libopencm3/lib/libopencm3_stm32f1.a(rcc_common_all.o)
 .group         0x0000000000000000        0x8 /usr/local/src/STM32/beginning_stm32f103c8t6/libopencm3/lib/libopencm3_stm32f1.a(rcc_common_all.o)
 .group         0x0000000000000000        0x8 /usr/local/src/STM32/beginning_stm32f103c8t6/libopencm3/lib/libopencm3_stm32f1.a(rcc_common_all.o)
 .group         0x0000000000000000        0x8 /usr/local/src/STM32/beginning_stm32f103c8t6/libopencm3/lib/libopencm3_stm32f1.a(rcc_common_all.o)
 .text          0x0000000000000000        0x0 /usr/local/src/STM32/beginning_stm32f103c8t6/libopencm3/lib/libopencm3_stm32f1.a(rcc_common_all.o)
 .data          0x0000000000000000        0x0 /usr/local/src/STM32/beginning_stm32f103c8t6/libopencm3/lib/libopencm3_stm32f1.a(rcc_common_all.o)
 .bss           0x0000000000000000        0x0 /usr/local/src/STM32/beginning_stm32f103c8t6/libopencm3/lib/libopencm3_stm32f1.a(rcc_common_all.o)
 .text.rcc_peripheral_enable_clock
                0x0000000000000000        0x8 /usr/local/src/STM32/beginning_stm32f103c8t6/libopencm3/lib/libopencm3_stm32f1.a(rcc_common_all.o)
 .text.rcc_peripheral_disable_clock
                0x0000000000000000        0xa /usr/local/src/STM32/beginning_stm32f103c8t6/libopencm3/lib/libopencm3_stm32f1.a(rcc_common_all.o)
 .text.rcc_peripheral_reset
                0x0000000000000000        0x8 /usr/local/src/STM32/beginning_stm32f103c8t6/libopencm3/lib/libopencm3_stm32f1.a(rcc_common_all.o)
 .text.rcc_peripheral_clear_reset
                0x0000000000000000        0xa /usr/local/src/STM32/beginning_stm32f103c8t6/libopencm3/lib/libopencm3_stm32f1.a(rcc_common_all.o)
 .text.rcc_periph_clock_disable
                0x0000000000000000       0x1e /usr/local/src/STM32/beginning_stm32f103c8t6/libopencm3/lib/libopencm3_stm32f1.a(rcc_common_all.o)
 .text.rcc_periph_reset_pulse
                0x0000000000000000       0x22 /usr/local/src/STM32/beginning_stm32f103c8t6/libopencm3/lib/libopencm3_stm32f1.a(rcc_common_all.o)
 .text.rcc_periph_reset_hold
                0x0000000000000000       0x1a /usr/local/src/STM32/beginning_stm32f103c8t6/libopencm3/lib/libopencm3_stm32f1.a(rcc_common_all.o)
 .text.rcc_periph_reset_release
                0x0000000000000000       0x1e /usr/local/src/STM32/beginning_stm32f103c8t6/libopencm3/lib/libopencm3_stm32f1.a(rcc_common_all.o)
 .text.rcc_set_mco
                0x0000000000000000       0x14 /usr/local/src/STM32/beginning_stm32f103c8t6/libopencm3/lib/libopencm3_stm32f1.a(rcc_common_all.o)
 .text.rcc_osc_bypass_enable
                0x0000000000000000       0x28 /usr/local/src/STM32/beginning_stm32f103c8t6/libopencm3/lib/libopencm3_stm32f1.a(rcc_common_all.o)
 .text.rcc_osc_bypass_disable
                0x0000000000000000       0x28 /usr/local/src/STM32/beginning_stm32f103c8t6/libopencm3/lib/libopencm3_stm32f1.a(rcc_common_all.o)
 .debug_macro   0x0000000000000000      0x8aa /usr/local/src/STM32/beginning_stm32f103c8t6/libopencm3/lib/libopencm3_stm32f1.a(rcc_common_all.o)
 .debug_macro   0x0000000000000000       0x1c /usr/local/src/STM32/beginning_stm32f103c8t6/libopencm3/lib/libopencm3_stm32f1.a(rcc_common_all.o)
 .debug_macro   0x0000000000000000       0x22 /usr/local/src/STM32/beginning_stm32f103c8t6/libopencm3/lib/libopencm3_stm32f1.a(rcc_common_all.o)
 .debug_macro   0x0000000000000000       0x4f /usr/local/src/STM32/beginning_stm32f103c8t6/libopencm3/lib/libopencm3_stm32f1.a(rcc_common_all.o)
 .debug_macro   0x0000000000000000       0x44 /usr/local/src/STM32/beginning_stm32f103c8t6/libopencm3/lib/libopencm3_stm32f1.a(rcc_common_all.o)
 .debug_macro   0x0000000000000000       0xfd /usr/local/src/STM32/beginning_stm32f103c8t6/libopencm3/lib/libopencm3_stm32f1.a(rcc_common_all.o)
 .debug_macro   0x0000000000000000       0x5e /usr/local/src/STM32/beginning_stm32f103c8t6/libopencm3/lib/libopencm3_stm32f1.a(rcc_common_all.o)
 .debug_macro   0x0000000000000000      0x1df /usr/local/src/STM32/beginning_stm32f103c8t6/libopencm3/lib/libopencm3_stm32f1.a(rcc_common_all.o)
 .debug_macro   0x0000000000000000       0x22 /usr/local/src/STM32/beginning_stm32f103c8t6/libopencm3/lib/libopencm3_stm32f1.a(rcc_common_all.o)
 .debug_macro   0x0000000000000000       0xe8 /usr/local/src/STM32/beginning_stm32f103c8t6/libopencm3/lib/libopencm3_stm32f1.a(rcc_common_all.o)
 .debug_macro   0x0000000000000000       0x76 /usr/local/src/STM32/beginning_stm32f103c8t6/libopencm3/lib/libopencm3_stm32f1.a(rcc_common_all.o)
 .debug_macro   0x0000000000000000      0x1b4 /usr/local/src/STM32/beginning_stm32f103c8t6/libopencm3/lib/libopencm3_stm32f1.a(rcc_common_all.o)
 .debug_macro   0x0000000000000000      0x82c /usr/local/src/STM32/beginning_stm32f103c8t6/libopencm3/lib/libopencm3_stm32f1.a(rcc_common_all.o)
 .group         0x0000000000000000        0x8 /usr/local/src/STM32/beginning_stm32f103c8t6/libopencm3/lib/libopencm3_stm32f1.a(vector.o)
 .group         0x0000000000000000        0x8 /usr/local/src/STM32/beginning_stm32f103c8t6/libopencm3/lib/libopencm3_stm32f1.a(vector.o)
 .group         0x0000000000000000        0x8 /usr/local/src/STM32/beginning_stm32f103c8t6/libopencm3/lib/libopencm3_stm32f1.a(vector.o)
 .group         0x0000000000000000        0x8 /usr/local/src/STM32/beginning_stm32f103c8t6/libopencm3/lib/libopencm3_stm32f1.a(vector.o)
 .group         0x0000000000000000        0x8 /usr/local/src/STM32/beginning_stm32f103c8t6/libopencm3/lib/libopencm3_stm32f1.a(vector.o)
 .group         0x0000000000000000        0x8 /usr/local/src/STM32/beginning_stm32f103c8t6/libopencm3/lib/libopencm3_stm32f1.a(vector.o)
 .group         0x0000000000000000        0x8 /usr/local/src/STM32/beginning_stm32f103c8t6/libopencm3/lib/libopencm3_stm32f1.a(vector.o)
 .group         0x0000000000000000        0x8 /usr/local/src/STM32/beginning_stm32f103c8t6/libopencm3/lib/libopencm3_stm32f1.a(vector.o)
 .group         0x0000000000000000        0x8 /usr/local/src/STM32/beginning_stm32f103c8t6/libopencm3/lib/libopencm3_stm32f1.a(vector.o)
 .group         0x0000000000000000        0x8 /usr/local/src/STM32/beginning_stm32f103c8t6/libopencm3/lib/libopencm3_stm32f1.a(vector.o)
 .group         0x0000000000000000        0x8 /usr/local/src/STM32/beginning_stm32f103c8t6/libopencm3/lib/libopencm3_stm32f1.a(vector.o)
 .group         0x0000000000000000        0x8 /usr/local/src/STM32/beginning_stm32f103c8t6/libopencm3/lib/libopencm3_stm32f1.a(vector.o)
 .group         0x0000000000000000        0x8 /usr/local/src/STM32/beginning_stm32f103c8t6/libopencm3/lib/libopencm3_stm32f1.a(vector.o)
 .group         0x0000000000000000        0x8 /usr/local/src/STM32/beginning_stm32f103c8t6/libopencm3/lib/libopencm3_stm32f1.a(vector.o)
 .text          0x0000000000000000        0x0 /usr/local/src/STM32/beginning_stm32f103c8t6/libopencm3/lib/libopencm3_stm32f1.a(vector.o)
 .data          0x0000000000000000        0x0 /usr/local/src/STM32/beginning_stm32f103c8t6/libopencm3/lib/libopencm3_stm32f1.a(vector.o)
 .bss           0x0000000000000000        0x0 /usr/local/src/STM32/beginning_stm32f103c8t6/libopencm3/lib/libopencm3_stm32f1.a(vector.o)
 .debug_macro   0x0000000000000000      0x8aa /usr/local/src/STM32/beginning_stm32f103c8t6/libopencm3/lib/libopencm3_stm32f1.a(vector.o)
 .debug_macro   0x0000000000000000       0x76 /usr/local/src/STM32/beginning_stm32f103c8t6/libopencm3/lib/libopencm3_stm32f1.a(vector.o)
 .debug_macro   0x0000000000000000       0x1c /usr/local/src/STM32/beginning_stm32f103c8t6/libopencm3/lib/libopencm3_stm32f1.a(vector.o)
 .debug_macro   0x0000000000000000       0x22 /usr/local/src/STM32/beginning_stm32f103c8t6/libopencm3/lib/libopencm3_stm32f1.a(vector.o)
 .debug_macro   0x0000000000000000       0x4f /usr/local/src/STM32/beginning_stm32f103c8t6/libopencm3/lib/libopencm3_stm32f1.a(vector.o)
 .debug_macro   0x0000000000000000       0x44 /usr/local/src/STM32/beginning_stm32f103c8t6/libopencm3/lib/libopencm3_stm32f1.a(vector.o)
 .debug_macro   0x0000000000000000       0xfd /usr/local/src/STM32/beginning_stm32f103c8t6/libopencm3/lib/libopencm3_stm32f1.a(vector.o)
 .debug_macro   0x0000000000000000       0x5e /usr/local/src/STM32/beginning_stm32f103c8t6/libopencm3/lib/libopencm3_stm32f1.a(vector.o)
 .debug_macro   0x0000000000000000      0x1df /usr/local/src/STM32/beginning_stm32f103c8t6/libopencm3/lib/libopencm3_stm32f1.a(vector.o)
 .debug_macro   0x0000000000000000       0x22 /usr/local/src/STM32/beginning_stm32f103c8t6/libopencm3/lib/libopencm3_stm32f1.a(vector.o)
 .debug_macro   0x0000000000000000       0xe8 /usr/local/src/STM32/beginning_stm32f103c8t6/libopencm3/lib/libopencm3_stm32f1.a(vector.o)
 .group         0x0000000000000000        0x8 /usr/local/src/STM32/beginning_stm32f103c8t6/libopencm3/lib/libopencm3_stm32f1.a(assert.o)
 .group         0x0000000000000000        0x8 /usr/local/src/STM32/beginning_stm32f103c8t6/libopencm3/lib/libopencm3_stm32f1.a(assert.o)
 .group         0x0000000000000000        0x8 /usr/local/src/STM32/beginning_stm32f103c8t6/libopencm3/lib/libopencm3_stm32f1.a(assert.o)
 .group         0x0000000000000000        0x8 /usr/local/src/STM32/beginning_stm32f103c8t6/libopencm3/lib/libopencm3_stm32f1.a(assert.o)
 .group         0x0000000000000000        0x8 /usr/local/src/STM32/beginning_stm32f103c8t6/libopencm3/lib/libopencm3_stm32f1.a(assert.o)
 .group         0x0000000000000000        0x8 /usr/local/src/STM32/beginning_stm32f103c8t6/libopencm3/lib/libopencm3_stm32f1.a(assert.o)
 .group         0x0000000000000000        0x8 /usr/local/src/STM32/beginning_stm32f103c8t6/libopencm3/lib/libopencm3_stm32f1.a(assert.o)
 .group         0x0000000000000000        0x8 /usr/local/src/STM32/beginning_stm32f103c8t6/libopencm3/lib/libopencm3_stm32f1.a(assert.o)
 .group         0x0000000000000000        0x8 /usr/local/src/STM32/beginning_stm32f103c8t6/libopencm3/lib/libopencm3_stm32f1.a(assert.o)
 .group         0x0000000000000000        0x8 /usr/local/src/STM32/beginning_stm32f103c8t6/libopencm3/lib/libopencm3_stm32f1.a(assert.o)
 .group         0x0000000000000000        0x8 /usr/local/src/STM32/beginning_stm32f103c8t6/libopencm3/lib/libopencm3_stm32f1.a(assert.o)
 .text          0x0000000000000000        0x0 /usr/local/src/STM32/beginning_stm32f103c8t6/libopencm3/lib/libopencm3_stm32f1.a(assert.o)
 .data          0x0000000000000000        0x0 /usr/local/src/STM32/beginning_stm32f103c8t6/libopencm3/lib/libopencm3_stm32f1.a(assert.o)
 .bss           0x0000000000000000        0x0 /usr/local/src/STM32/beginning_stm32f103c8t6/libopencm3/lib/libopencm3_stm32f1.a(assert.o)
 .text.cm3_assert_failed
                0x0000000000000000        0x2 /usr/local/src/STM32/beginning_stm32f103c8t6/libopencm3/lib/libopencm3_stm32f1.a(assert.o)
 .text.cm3_assert_failed_verbose
                0x0000000000000000        0x6 /usr/local/src/STM32/beginning_stm32f103c8t6/libopencm3/lib/libopencm3_stm32f1.a(assert.o)
 .debug_info    0x0000000000000000       0xee /usr/local/src/STM32/beginning_stm32f103c8t6/libopencm3/lib/libopencm3_stm32f1.a(assert.o)
 .debug_abbrev  0x0000000000000000       0x8f /usr/local/src/STM32/beginning_stm32f103c8t6/libopencm3/lib/libopencm3_stm32f1.a(assert.o)
 .debug_loc     0x0000000000000000       0x84 /usr/local/src/STM32/beginning_stm32f103c8t6/libopencm3/lib/libopencm3_stm32f1.a(assert.o)
 .debug_aranges
                0x0000000000000000       0x28 /usr/local/src/STM32/beginning_stm32f103c8t6/libopencm3/lib/libopencm3_stm32f1.a(assert.o)
 .debug_ranges  0x0000000000000000       0x18 /usr/local/src/STM32/beginning_stm32f103c8t6/libopencm3/lib/libopencm3_stm32f1.a(assert.o)
 .debug_macro   0x0000000000000000       0x89 /usr/local/src/STM32/beginning_stm32f103c8t6/libopencm3/lib/libopencm3_stm32f1.a(assert.o)
 .debug_macro   0x0000000000000000      0x8aa /usr/local/src/STM32/beginning_stm32f103c8t6/libopencm3/lib/libopencm3_stm32f1.a(assert.o)
 .debug_macro   0x0000000000000000       0x1c /usr/local/src/STM32/beginning_stm32f103c8t6/libopencm3/lib/libopencm3_stm32f1.a(assert.o)
 .debug_macro   0x0000000000000000       0x22 /usr/local/src/STM32/beginning_stm32f103c8t6/libopencm3/lib/libopencm3_stm32f1.a(assert.o)
 .debug_macro   0x0000000000000000       0x4f /usr/local/src/STM32/beginning_stm32f103c8t6/libopencm3/lib/libopencm3_stm32f1.a(assert.o)
 .debug_macro   0x0000000000000000       0x44 /usr/local/src/STM32/beginning_stm32f103c8t6/libopencm3/lib/libopencm3_stm32f1.a(assert.o)
 .debug_macro   0x0000000000000000       0xfd /usr/local/src/STM32/beginning_stm32f103c8t6/libopencm3/lib/libopencm3_stm32f1.a(assert.o)
 .debug_macro   0x0000000000000000       0x5e /usr/local/src/STM32/beginning_stm32f103c8t6/libopencm3/lib/libopencm3_stm32f1.a(assert.o)
 .debug_macro   0x0000000000000000      0x1df /usr/local/src/STM32/beginning_stm32f103c8t6/libopencm3/lib/libopencm3_stm32f1.a(assert.o)
 .debug_macro   0x0000000000000000       0x22 /usr/local/src/STM32/beginning_stm32f103c8t6/libopencm3/lib/libopencm3_stm32f1.a(assert.o)
 .debug_macro   0x0000000000000000       0xe8 /usr/local/src/STM32/beginning_stm32f103c8t6/libopencm3/lib/libopencm3_stm32f1.a(assert.o)
 .debug_macro   0x0000000000000000       0x16 /usr/local/src/STM32/beginning_stm32f103c8t6/libopencm3/lib/libopencm3_stm32f1.a(assert.o)
 .debug_line    0x0000000000000000      0x172 /usr/local/src/STM32/beginning_stm32f103c8t6/libopencm3/lib/libopencm3_stm32f1.a(assert.o)
 .debug_str     0x0000000000000000     0x37c5 /usr/local/src/STM32/beginning_stm32f103c8t6/libopencm3/lib/libopencm3_stm32f1.a(assert.o)
 .comment       0x0000000000000000       0x32 /usr/local/src/STM32/beginning_stm32f103c8t6/libopencm3/lib/libopencm3_stm32f1.a(assert.o)
 .debug_frame   0x0000000000000000       0x38 /usr/local/src/STM32/beginning_stm32f103c8t6/libopencm3/lib/libopencm3_stm32f1.a(assert.o)
 .ARM.attributes
                0x0000000000000000       0x33 /usr/local/src/STM32/beginning_stm32f103c8t6/libopencm3/lib/libopencm3_stm32f1.a(assert.o)
 .group         0x0000000000000000        0x8 /usr/local/src/STM32/beginning_stm32f103c8t6/libopencm3/lib/libopencm3_stm32f1.a(flash_common_all.o)
 .group         0x0000000000000000        0x8 /usr/local/src/STM32/beginning_stm32f103c8t6/libopencm3/lib/libopencm3_stm32f1.a(flash_common_all.o)
 .group         0x0000000000000000        0x8 /usr/local/src/STM32/beginning_stm32f103c8t6/libopencm3/lib/libopencm3_stm32f1.a(flash_common_all.o)
 .group         0x0000000000000000        0x8 /usr/local/src/STM32/beginning_stm32f103c8t6/libopencm3/lib/libopencm3_stm32f1.a(flash_common_all.o)
 .group         0x0000000000000000        0x8 /usr/local/src/STM32/beginning_stm32f103c8t6/libopencm3/lib/libopencm3_stm32f1.a(flash_common_all.o)
 .group         0x0000000000000000        0x8 /usr/local/src/STM32/beginning_stm32f103c8t6/libopencm3/lib/libopencm3_stm32f1.a(flash_common_all.o)
 .group         0x0000000000000000        0x8 /usr/local/src/STM32/beginning_stm32f103c8t6/libopencm3/lib/libopencm3_stm32f1.a(flash_common_all.o)
 .group         0x0000000000000000        0x8 /usr/local/src/STM32/beginning_stm32f103c8t6/libopencm3/lib/libopencm3_stm32f1.a(flash_common_all.o)
 .group         0x0000000000000000        0x8 /usr/local/src/STM32/beginning_stm32f103c8t6/libopencm3/lib/libopencm3_stm32f1.a(flash_common_all.o)
 .group         0x0000000000000000        0x8 /usr/local/src/STM32/beginning_stm32f103c8t6/libopencm3/lib/libopencm3_stm32f1.a(flash_common_all.o)
 .group         0x0000000000000000        0x8 /usr/local/src/STM32/beginning_stm32f103c8t6/libopencm3/lib/libopencm3_stm32f1.a(flash_common_all.o)
 .group         0x0000000000000000        0x8 /usr/local/src/STM32/beginning_stm32f103c8t6/libopencm3/lib/libopencm3_stm32f1.a(flash_common_all.o)
 .group         0x0000000000000000        0x8 /usr/local/src/STM32/beginning_stm32f103c8t6/libopencm3/lib/libopencm3_stm32f1.a(flash_common_all.o)
 .group         0x0000000000000000        0x8 /usr/local/src/STM32/beginning_stm32f103c8t6/libopencm3/lib/libopencm3_stm32f1.a(flash_common_all.o)
 .text          0x0000000000000000        0x0 /usr/local/src/STM32/beginning_stm32f103c8t6/libopencm3/lib/libopencm3_stm32f1.a(flash_common_all.o)
 .data          0x0000000000000000        0x0 /usr/local/src/STM32/beginning_stm32f103c8t6/libopencm3/lib/libopencm3_stm32f1.a(flash_common_all.o)
 .bss           0x0000000000000000        0x0 /usr/local/src/STM32/beginning_stm32f103c8t6/libopencm3/lib/libopencm3_stm32f1.a(flash_common_all.o)
 .text.flash_prefetch_enable
                0x0000000000000000       0x10 /usr/local/src/STM32/beginning_stm32f103c8t6/libopencm3/lib/libopencm3_stm32f1.a(flash_common_all.o)
 .text.flash_prefetch_disable
                0x0000000000000000       0x10 /usr/local/src/STM32/beginning_stm32f103c8t6/libopencm3/lib/libopencm3_stm32f1.a(flash_common_all.o)
 .text.flash_unlock_option_bytes
                0x0000000000000000       0x18 /usr/local/src/STM32/beginning_stm32f103c8t6/libopencm3/lib/libopencm3_stm32f1.a(flash_common_all.o)
 .debug_macro   0x0000000000000000      0x8aa /usr/local/src/STM32/beginning_stm32f103c8t6/libopencm3/lib/libopencm3_stm32f1.a(flash_common_all.o)
 .debug_macro   0x0000000000000000       0x1c /usr/local/src/STM32/beginning_stm32f103c8t6/libopencm3/lib/libopencm3_stm32f1.a(flash_common_all.o)
 .debug_macro   0x0000000000000000       0x22 /usr/local/src/STM32/beginning_stm32f103c8t6/libopencm3/lib/libopencm3_stm32f1.a(flash_common_all.o)
 .debug_macro   0x0000000000000000       0x4f /usr/local/src/STM32/beginning_stm32f103c8t6/libopencm3/lib/libopencm3_stm32f1.a(flash_common_all.o)
 .debug_macro   0x0000000000000000       0x44 /usr/local/src/STM32/beginning_stm32f103c8t6/libopencm3/lib/libopencm3_stm32f1.a(flash_common_all.o)
 .debug_macro   0x0000000000000000       0xfd /usr/local/src/STM32/beginning_stm32f103c8t6/libopencm3/lib/libopencm3_stm32f1.a(flash_common_all.o)
 .debug_macro   0x0000000000000000       0x5e /usr/local/src/STM32/beginning_stm32f103c8t6/libopencm3/lib/libopencm3_stm32f1.a(flash_common_all.o)
 .debug_macro   0x0000000000000000      0x1df /usr/local/src/STM32/beginning_stm32f103c8t6/libopencm3/lib/libopencm3_stm32f1.a(flash_common_all.o)
 .debug_macro   0x0000000000000000       0x22 /usr/local/src/STM32/beginning_stm32f103c8t6/libopencm3/lib/libopencm3_stm32f1.a(flash_common_all.o)
 .debug_macro   0x0000000000000000       0xe8 /usr/local/src/STM32/beginning_stm32f103c8t6/libopencm3/lib/libopencm3_stm32f1.a(flash_common_all.o)
 .debug_macro   0x0000000000000000       0x76 /usr/local/src/STM32/beginning_stm32f103c8t6/libopencm3/lib/libopencm3_stm32f1.a(flash_common_all.o)
 .debug_macro   0x0000000000000000      0x1b4 /usr/local/src/STM32/beginning_stm32f103c8t6/libopencm3/lib/libopencm3_stm32f1.a(flash_common_all.o)
 .debug_macro   0x0000000000000000       0xee /usr/local/src/STM32/beginning_stm32f103c8t6/libopencm3/lib/libopencm3_stm32f1.a(flash_common_all.o)
 .debug_macro   0x0000000000000000       0x82 /usr/local/src/STM32/beginning_stm32f103c8t6/libopencm3/lib/libopencm3_stm32f1.a(flash_common_all.o)

Memory Configuration

Name             Origin             Length             Attributes
rom              0x0000000008000000 0x0000000000010000 xr
ram              0x0000000020000000 0x0000000000005000 xrw
*default*        0x0000000000000000 0xffffffffffffffff

Linker script and memory map

LOAD main.o
LOAD rtos/heap_4.o
LOAD rtos/list.o
LOAD rtos/port.o
LOAD rtos/tasks.o
LOAD rtos/opencm3.o
START GROUP
LOAD /usr/lib/gcc/arm-none-eabi/6.3.1/../../../arm-none-eabi/lib/thumb/v7-m/libc.a
LOAD /usr/lib/gcc/arm-none-eabi/6.3.1/thumb/v7-m/libgcc.a
LOAD /usr/lib/gcc/arm-none-eabi/6.3.1/../../../arm-none-eabi/lib/thumb/v7-m/libnosys.a
END GROUP
LOAD /usr/local/src/STM32/beginning_stm32f103c8t6//rtos/libwwg/libwwg.a
LOAD /usr/local/src/STM32/beginning_stm32f103c8t6/libopencm3/lib/libopencm3_stm32f1.a
START GROUP
LOAD /usr/lib/gcc/arm-none-eabi/6.3.1/thumb/v7-m/libgcc.a
LOAD /usr/lib/gcc/arm-none-eabi/6.3.1/../../../arm-none-eabi/lib/thumb/v7-m/libc.a
END GROUP
START GROUP
LOAD /usr/lib/gcc/arm-none-eabi/6.3.1/thumb/v7-m/libgcc.a
LOAD /usr/lib/gcc/arm-none-eabi/6.3.1/../../../arm-none-eabi/lib/thumb/v7-m/libc.a
LOAD /usr/lib/gcc/arm-none-eabi/6.3.1/../../../arm-none-eabi/lib/thumb/v7-m/libnosys.a
END GROUP

.text           0x0000000008000000      0xde0
 *(.vectors)
 .vectors       0x0000000008000000      0x150 /usr/local/src/STM32/beginning_stm32f103c8t6/libopencm3/lib/libopencm3_stm32f1.a(vector.o)
                0x0000000008000000                vector_table
 *(.text*)
 .text.task1    0x0000000008000150       0x1c main.o
 .text.vApplicationStackOverflowHook
                0x000000000800016c        0x2 main.o
                0x000000000800016c                vApplicationStackOverflowHook
 *fill*         0x000000000800016e        0x2 
 .text.startup.main
                0x0000000008000170       0x40 main.o
                0x0000000008000170                main
 .text.prvInsertBlockIntoFreeList
                0x00000000080001b0       0x48 rtos/heap_4.o
 .text.pvPortMalloc
                0x00000000080001f8       0xf4 rtos/heap_4.o
                0x00000000080001f8                pvPortMalloc
 .text.vPortFree
                0x00000000080002ec       0x4c rtos/heap_4.o
                0x00000000080002ec                vPortFree
 .text.vListInitialise
                0x0000000008000338       0x16 rtos/list.o
                0x0000000008000338                vListInitialise
 .text.vListInitialiseItem
                0x000000000800034e        0x6 rtos/list.o
                0x000000000800034e                vListInitialiseItem
 .text.vListInsertEnd
                0x0000000008000354       0x18 rtos/list.o
                0x0000000008000354                vListInsertEnd
 .text.vListInsert
                0x000000000800036c       0x2e rtos/list.o
                0x000000000800036c                vListInsert
 .text.uxListRemove
                0x000000000800039a       0x22 rtos/list.o
                0x000000000800039a                uxListRemove
 .text.prvTaskExitError
                0x00000000080003bc       0x12 rtos/port.o
 *fill*         0x00000000080003ce        0x2 
 .text.prvPortStartFirstTask
                0x00000000080003d0       0x20 rtos/port.o
 .text.pxPortInitialiseStack
                0x00000000080003f0       0x24 rtos/port.o
                0x00000000080003f0                pxPortInitialiseStack
 *fill*         0x0000000008000414        0xc 
 .text.vPortSVCHandler
                0x0000000008000420       0x24 rtos/port.o
                0x0000000008000420                vPortSVCHandler
 .text.vPortEnterCritical
                0x0000000008000444       0x20 rtos/port.o
                0x0000000008000444                vPortEnterCritical
 .text.vPortExitCritical
                0x0000000008000464       0x14 rtos/port.o
                0x0000000008000464                vPortExitCritical
 *fill*         0x0000000008000478        0x8 
 .text.xPortPendSVHandler
                0x0000000008000480       0x44 rtos/port.o
                0x0000000008000480                xPortPendSVHandler
 .text.xPortSysTickHandler
                0x00000000080004c4       0x2c rtos/port.o
                0x00000000080004c4                xPortSysTickHandler
 .text.vPortSetupTimerInterrupt
                0x00000000080004f0       0x14 rtos/port.o
                0x00000000080004f0                vPortSetupTimerInterrupt
 .text.xPortStartScheduler
                0x0000000008000504       0x30 rtos/port.o
                0x0000000008000504                xPortStartScheduler
 .text.prvIdleTask
                0x0000000008000534       0x24 rtos/tasks.o
 .text.prvResetNextTaskUnblockTime
                0x0000000008000558       0x24 rtos/tasks.o
 .text.prvAddCurrentTaskToDelayedList.isra.2
                0x000000000800057c       0x74 rtos/tasks.o
 .text.xTaskCreate
                0x00000000080005f0      0x1a8 rtos/tasks.o
                0x00000000080005f0                xTaskCreate
 .text.vTaskStartScheduler
                0x0000000008000798       0x60 rtos/tasks.o
                0x0000000008000798                vTaskStartScheduler
 .text.vTaskSuspendAll
                0x00000000080007f8       0x10 rtos/tasks.o
                0x00000000080007f8                vTaskSuspendAll
 .text.xTaskIncrementTick
                0x0000000008000808      0x10c rtos/tasks.o
                0x0000000008000808                xTaskIncrementTick
 .text.xTaskResumeAll
                0x0000000008000914       0xd8 rtos/tasks.o
                0x0000000008000914                xTaskResumeAll
 .text.vTaskDelay
                0x00000000080009ec       0x2c rtos/tasks.o
                0x00000000080009ec                vTaskDelay
 .text.vTaskSwitchContext
                0x0000000008000a18       0x78 rtos/tasks.o
                0x0000000008000a18                vTaskSwitchContext
 .text.sv_call_handler
                0x0000000008000a90        0x4 rtos/opencm3.o
                0x0000000008000a90                sv_call_handler
 .text.pend_sv_handler
                0x0000000008000a94        0x4 rtos/opencm3.o
                0x0000000008000a94                pend_sv_handler
 .text.sys_tick_handler
                0x0000000008000a98        0x4 rtos/opencm3.o
                0x0000000008000a98                sys_tick_handler
 .text.gpio_set_mode
                0x0000000008000a9c       0x62 /usr/local/src/STM32/beginning_stm32f103c8t6/libopencm3/lib/libopencm3_stm32f1.a(gpio.o)
                0x0000000008000a9c                gpio_set_mode
 .text.gpio_toggle
                0x0000000008000afe       0x12 /usr/local/src/STM32/beginning_stm32f103c8t6/libopencm3/lib/libopencm3_stm32f1.a(gpio_common_all.o)
                0x0000000008000afe                gpio_toggle
 .text.rcc_osc_on.part.1
                0x0000000008000b10       0x10 /usr/local/src/STM32/beginning_stm32f103c8t6/libopencm3/lib/libopencm3_stm32f1.a(rcc.o)
 .text.rcc_is_osc_ready
                0x0000000008000b20       0x5c /usr/local/src/STM32/beginning_stm32f103c8t6/libopencm3/lib/libopencm3_stm32f1.a(rcc.o)
                0x0000000008000b20                rcc_is_osc_ready
 .text.rcc_wait_for_osc_ready
                0x0000000008000b7c       0x10 /usr/local/src/STM32/beginning_stm32f103c8t6/libopencm3/lib/libopencm3_stm32f1.a(rcc.o)
                0x0000000008000b7c                rcc_wait_for_osc_ready
 .text.rcc_osc_on
                0x0000000008000b8c       0x54 /usr/local/src/STM32/beginning_stm32f103c8t6/libopencm3/lib/libopencm3_stm32f1.a(rcc.o)
                0x0000000008000b8c                rcc_osc_on
 .text.rcc_set_sysclk_source
                0x0000000008000be0       0x14 /usr/local/src/STM32/beginning_stm32f103c8t6/libopencm3/lib/libopencm3_stm32f1.a(rcc.o)
                0x0000000008000be0                rcc_set_sysclk_source
 .text.rcc_set_pll_multiplication_factor
                0x0000000008000bf4       0x14 /usr/local/src/STM32/beginning_stm32f103c8t6/libopencm3/lib/libopencm3_stm32f1.a(rcc.o)
                0x0000000008000bf4                rcc_set_pll_multiplication_factor
 .text.rcc_set_pll_source
                0x0000000008000c08       0x14 /usr/local/src/STM32/beginning_stm32f103c8t6/libopencm3/lib/libopencm3_stm32f1.a(rcc.o)
                0x0000000008000c08                rcc_set_pll_source
 .text.rcc_set_pllxtpre
                0x0000000008000c1c       0x14 /usr/local/src/STM32/beginning_stm32f103c8t6/libopencm3/lib/libopencm3_stm32f1.a(rcc.o)
                0x0000000008000c1c                rcc_set_pllxtpre
 .text.rcc_set_adcpre
                0x0000000008000c30       0x14 /usr/local/src/STM32/beginning_stm32f103c8t6/libopencm3/lib/libopencm3_stm32f1.a(rcc.o)
                0x0000000008000c30                rcc_set_adcpre
 .text.rcc_set_ppre2
                0x0000000008000c44       0x14 /usr/local/src/STM32/beginning_stm32f103c8t6/libopencm3/lib/libopencm3_stm32f1.a(rcc.o)
                0x0000000008000c44                rcc_set_ppre2
 .text.rcc_set_ppre1
                0x0000000008000c58       0x14 /usr/local/src/STM32/beginning_stm32f103c8t6/libopencm3/lib/libopencm3_stm32f1.a(rcc.o)
                0x0000000008000c58                rcc_set_ppre1
 .text.rcc_set_hpre
                0x0000000008000c6c       0x14 /usr/local/src/STM32/beginning_stm32f103c8t6/libopencm3/lib/libopencm3_stm32f1.a(rcc.o)
                0x0000000008000c6c                rcc_set_hpre
 .text.rcc_clock_setup_in_hse_8mhz_out_72mhz
                0x0000000008000c80       0x8c /usr/local/src/STM32/beginning_stm32f103c8t6/libopencm3/lib/libopencm3_stm32f1.a(rcc.o)
                0x0000000008000c80                rcc_clock_setup_in_hse_8mhz_out_72mhz
 .text.rcc_periph_clock_enable
                0x0000000008000d0c       0x1a /usr/local/src/STM32/beginning_stm32f103c8t6/libopencm3/lib/libopencm3_stm32f1.a(rcc_common_all.o)
                0x0000000008000d0c                rcc_periph_clock_enable
 .text.blocking_handler
                0x0000000008000d26        0x2 /usr/local/src/STM32/beginning_stm32f103c8t6/libopencm3/lib/libopencm3_stm32f1.a(vector.o)
                0x0000000008000d26                usart3_isr
                0x0000000008000d26                rtc_isr
                0x0000000008000d26                tim7_isr
                0x0000000008000d26                adc1_2_isr
                0x0000000008000d26                tim1_trg_com_isr
                0x0000000008000d26                usb_hp_can_tx_isr
                0x0000000008000d26                tim6_isr
                0x0000000008000d26                usb_wakeup_isr
                0x0000000008000d26                blocking_handler
                0x0000000008000d26                tim5_isr
                0x0000000008000d26                otg_fs_isr
                0x0000000008000d26                spi1_isr
                0x0000000008000d26                exti2_isr
                0x0000000008000d26                dma1_channel6_isr
                0x0000000008000d26                can_rx1_isr
                0x0000000008000d26                dma1_channel5_isr
                0x0000000008000d26                dma2_channel5_isr
                0x0000000008000d26                usart1_isr
                0x0000000008000d26                usage_fault_handler
                0x0000000008000d26                tim8_trg_com_isr
                0x0000000008000d26                can2_rx0_isr
                0x0000000008000d26                tim1_brk_isr
                0x0000000008000d26                can2_rx1_isr
                0x0000000008000d26                tim1_cc_isr
                0x0000000008000d26                sdio_isr
                0x0000000008000d26                eth_isr
                0x0000000008000d26                dma1_channel4_isr
                0x0000000008000d26                tim8_brk_isr
                0x0000000008000d26                dma2_channel4_5_isr
                0x0000000008000d26                pvd_isr
                0x0000000008000d26                rcc_isr
                0x0000000008000d26                flash_isr
                0x0000000008000d26                uart4_isr
                0x0000000008000d26                rtc_alarm_isr
                0x0000000008000d26                exti15_10_isr
                0x0000000008000d26                hard_fault_handler
                0x0000000008000d26                exti1_isr
                0x0000000008000d26                i2c1_ev_isr
                0x0000000008000d26                dma2_channel1_isr
                0x0000000008000d26                spi2_isr
                0x0000000008000d26                tim8_up_isr
                0x0000000008000d26                dma2_channel2_isr
                0x0000000008000d26                exti3_isr
                0x0000000008000d26                adc3_isr
                0x0000000008000d26                tim3_isr
                0x0000000008000d26                usart2_isr
                0x0000000008000d26                usb_lp_can_rx0_isr
                0x0000000008000d26                i2c2_er_isr
                0x0000000008000d26                i2c2_ev_isr
                0x0000000008000d26                uart5_isr
                0x0000000008000d26                fsmc_isr
                0x0000000008000d26                dma1_channel1_isr
                0x0000000008000d26                exti4_isr
                0x0000000008000d26                mem_manage_handler
                0x0000000008000d26                can2_tx_isr
                0x0000000008000d26                exti9_5_isr
                0x0000000008000d26                dma2_channel3_isr
                0x0000000008000d26                dma1_channel7_isr
                0x0000000008000d26                tim1_up_isr
                0x0000000008000d26                can2_sce_isr
                0x0000000008000d26                tim4_isr
                0x0000000008000d26                dma1_channel2_isr
                0x0000000008000d26                i2c1_er_isr
                0x0000000008000d26                can_sce_isr
                0x0000000008000d26                tim8_cc_isr
                0x0000000008000d26                tamper_isr
                0x0000000008000d26                eth_wkup_isr
                0x0000000008000d26                bus_fault_handler
                0x0000000008000d26                wwdg_isr
                0x0000000008000d26                dma1_channel3_isr
                0x0000000008000d26                spi3_isr
                0x0000000008000d26                tim2_isr
                0x0000000008000d26                exti0_isr
 .text.null_handler
                0x0000000008000d28        0x2 /usr/local/src/STM32/beginning_stm32f103c8t6/libopencm3/lib/libopencm3_stm32f1.a(vector.o)
                0x0000000008000d28                null_handler
                0x0000000008000d28                debug_monitor_handler
                0x0000000008000d28                nmi_handler
 *fill*         0x0000000008000d2a        0x2 
 .text.reset_handler
                0x0000000008000d2c       0x94 /usr/local/src/STM32/beginning_stm32f103c8t6/libopencm3/lib/libopencm3_stm32f1.a(vector.o)
                0x0000000008000d2c                reset_handler
 .text.flash_set_ws
                0x0000000008000dc0       0x14 /usr/local/src/STM32/beginning_stm32f103c8t6/libopencm3/lib/libopencm3_stm32f1.a(flash_common_all.o)
                0x0000000008000dc0                flash_set_ws
                0x0000000008000dd4                . = ALIGN (0x4)
 *(.rodata*)
 .rodata.main.str1.1
                0x0000000008000dd4        0x4 main.o
 .rodata.vTaskStartScheduler.str1.1
                0x0000000008000dd8        0x5 rtos/tasks.o
                0x0000000008000de0                . = ALIGN (0x4)
 *fill*         0x0000000008000ddd        0x3 

.glue_7         0x0000000008000de0        0x0
 .glue_7        0x0000000008000de0        0x0 linker stubs

.glue_7t        0x0000000008000de0        0x0
 .glue_7t       0x0000000008000de0        0x0 linker stubs

.vfp11_veneer   0x0000000008000de0        0x0
 .vfp11_veneer  0x0000000008000de0        0x0 linker stubs

.v4_bx          0x0000000008000de0        0x0
 .v4_bx         0x0000000008000de0        0x0 linker stubs

.iplt           0x0000000008000de0        0x0
 .iplt          0x0000000008000de0        0x0 main.o

.rel.dyn        0x0000000008000de0        0x0
 .rel.iplt      0x0000000008000de0        0x0 main.o

.preinit_array  0x0000000008000de0        0x0
                0x0000000008000de0                . = ALIGN (0x4)
                0x0000000008000de0                __preinit_array_start = .
 *(.preinit_array)
                0x0000000008000de0                __preinit_array_end = .

.init_array     0x0000000008000de0        0x0
                0x0000000008000de0                . = ALIGN (0x4)
                0x0000000008000de0                __init_array_start = .
 *(SORT(.init_array.*))
 *(.init_array)
                0x0000000008000de0                __init_array_end = .

.fini_array     0x0000000008000de0        0x0
                0x0000000008000de0                . = ALIGN (0x4)
                0x0000000008000de0                __fini_array_start = .
 *(.fini_array)
 *(SORT(.fini_array.*))
                0x0000000008000de0                __fini_array_end = .

.ARM.extab
 *(.ARM.extab*)

.ARM.exidx      0x0000000008000de0        0x0
                0x0000000008000de0                __exidx_start = .
 *(.ARM.exidx*)
                0x0000000008000de0                __exidx_end = .
                0x0000000008000de0                . = ALIGN (0x4)
                0x0000000008000de0                _etext = .

.data           0x0000000020000000       0x10 load address 0x0000000008000de0
                0x0000000020000000                _data = .
 *(.data*)
 .data.uxCriticalNesting
                0x0000000020000000        0x4 rtos/port.o
 .data.rcc_ahb_frequency
                0x0000000020000004        0x4 /usr/local/src/STM32/beginning_stm32f103c8t6/libopencm3/lib/libopencm3_stm32f1.a(rcc.o)
                0x0000000020000004                rcc_ahb_frequency
 .data.rcc_apb1_frequency
                0x0000000020000008        0x4 /usr/local/src/STM32/beginning_stm32f103c8t6/libopencm3/lib/libopencm3_stm32f1.a(rcc.o)
                0x0000000020000008                rcc_apb1_frequency
 .data.rcc_apb2_frequency
                0x000000002000000c        0x4 /usr/local/src/STM32/beginning_stm32f103c8t6/libopencm3/lib/libopencm3_stm32f1.a(rcc.o)
                0x000000002000000c                rcc_apb2_frequency
                0x0000000020000010                . = ALIGN (0x4)
                0x0000000020000010                _edata = .
                0x0000000008000de0                _data_loadaddr = LOADADDR (.data)

.igot.plt       0x0000000020000010        0x0 load address 0x0000000008000df0
 .igot.plt      0x0000000020000010        0x0 main.o

.bss            0x0000000020000010     0x44f0 load address 0x0000000008000df0
 *(.bss*)
 .bss.pxEnd     0x0000000020000010        0x4 rtos/heap_4.o
 .bss.ucHeap    0x0000000020000014     0x4400 rtos/heap_4.o
 .bss.xBlockAllocatedBit
                0x0000000020004414        0x4 rtos/heap_4.o
 .bss.xFreeBytesRemaining
                0x0000000020004418        0x4 rtos/heap_4.o
 .bss.xMinimumEverFreeBytesRemaining
                0x000000002000441c        0x4 rtos/heap_4.o
 .bss.xStart    0x0000000020004420        0x8 rtos/heap_4.o
 .bss.pxCurrentTCB
                0x0000000020004428        0x4 rtos/tasks.o
                0x0000000020004428                pxCurrentTCB
 .bss.pxDelayedTaskList
                0x000000002000442c        0x4 rtos/tasks.o
 .bss.pxOverflowDelayedTaskList
                0x0000000020004430        0x4 rtos/tasks.o
 .bss.pxReadyTasksLists
                0x0000000020004434       0x64 rtos/tasks.o
 .bss.uxCurrentNumberOfTasks
                0x0000000020004498        0x4 rtos/tasks.o
 .bss.uxPendedTicks
                0x000000002000449c        0x4 rtos/tasks.o
 .bss.uxSchedulerSuspended
                0x00000000200044a0        0x4 rtos/tasks.o
 .bss.uxTaskNumber
                0x00000000200044a4        0x4 rtos/tasks.o
 .bss.uxTopReadyPriority
                0x00000000200044a8        0x4 rtos/tasks.o
 .bss.xDelayedTaskList1
                0x00000000200044ac       0x14 rtos/tasks.o
 .bss.xDelayedTaskList2
                0x00000000200044c0       0x14 rtos/tasks.o
 .bss.xIdleTaskHandle
                0x00000000200044d4        0x4 rtos/tasks.o
 .bss.xNextTaskUnblockTime
                0x00000000200044d8        0x4 rtos/tasks.o
 .bss.xNumOfOverflows
                0x00000000200044dc        0x4 rtos/tasks.o
 .bss.xPendingReadyList
                0x00000000200044e0       0x14 rtos/tasks.o
 .bss.xSchedulerRunning
                0x00000000200044f4        0x4 rtos/tasks.o
 .bss.xTickCount
                0x00000000200044f8        0x4 rtos/tasks.o
 .bss.xYieldPending
                0x00000000200044fc        0x4 rtos/tasks.o
 *(COMMON)
                0x0000000020004500                . = ALIGN (0x4)
                0x0000000020004500                _ebss = .

/DISCARD/
 *(.eh_frame)
                0x0000000020004500                . = ALIGN (0x4)
                0x0000000020004500                end = .
                0x0000000020005000                PROVIDE (_stack, (ORIGIN (ram) + LENGTH (ram)))
OUTPUT(main.elf elf32-littlearm)

.debug_info     0x0000000000000000     0x5b96
 .debug_info    0x0000000000000000      0x3fe main.o
 .debug_info    0x00000000000003fe      0xbc5 rtos/heap_4.o
 .debug_info    0x0000000000000fc3      0xaa8 rtos/list.o
 .debug_info    0x0000000000001a6b      0x302 rtos/port.o
 .debug_info    0x0000000000001d6d     0x1e16 rtos/tasks.o
 .debug_info    0x0000000000003b83      0x132 rtos/opencm3.o
 .debug_info    0x0000000000003cb5      0x1dd /usr/local/src/STM32/beginning_stm32f103c8t6/libopencm3/lib/libopencm3_stm32f1.a(gpio.o)
 .debug_info    0x0000000000003e92      0x22c /usr/local/src/STM32/beginning_stm32f103c8t6/libopencm3/lib/libopencm3_stm32f1.a(gpio_common_all.o)
 .debug_info    0x00000000000040be     0x114b /usr/local/src/STM32/beginning_stm32f103c8t6/libopencm3/lib/libopencm3_stm32f1.a(rcc.o)
 .debug_info    0x0000000000005209      0x5f2 /usr/local/src/STM32/beginning_stm32f103c8t6/libopencm3/lib/libopencm3_stm32f1.a(rcc_common_all.o)
 .debug_info    0x00000000000057fb      0x2af /usr/local/src/STM32/beginning_stm32f103c8t6/libopencm3/lib/libopencm3_stm32f1.a(vector.o)
 .debug_info    0x0000000000005aaa       0xec /usr/local/src/STM32/beginning_stm32f103c8t6/libopencm3/lib/libopencm3_stm32f1.a(flash_common_all.o)

.debug_abbrev   0x0000000000000000     0x13d7
 .debug_abbrev  0x0000000000000000      0x138 main.o
 .debug_abbrev  0x0000000000000138      0x2fa rtos/heap_4.o
 .debug_abbrev  0x0000000000000432      0x206 rtos/list.o
 .debug_abbrev  0x0000000000000638      0x1d4 rtos/port.o
 .debug_abbrev  0x000000000000080c      0x438 rtos/tasks.o
 .debug_abbrev  0x0000000000000c44       0x81 rtos/opencm3.o
 .debug_abbrev  0x0000000000000cc5       0xb7 /usr/local/src/STM32/beginning_stm32f103c8t6/libopencm3/lib/libopencm3_stm32f1.a(gpio.o)
 .debug_abbrev  0x0000000000000d7c       0xf4 /usr/local/src/STM32/beginning_stm32f103c8t6/libopencm3/lib/libopencm3_stm32f1.a(gpio_common_all.o)
 .debug_abbrev  0x0000000000000e70      0x27f /usr/local/src/STM32/beginning_stm32f103c8t6/libopencm3/lib/libopencm3_stm32f1.a(rcc.o)
 .debug_abbrev  0x00000000000010ef      0x137 /usr/local/src/STM32/beginning_stm32f103c8t6/libopencm3/lib/libopencm3_stm32f1.a(rcc_common_all.o)
 .debug_abbrev  0x0000000000001226      0x127 /usr/local/src/STM32/beginning_stm32f103c8t6/libopencm3/lib/libopencm3_stm32f1.a(vector.o)
 .debug_abbrev  0x000000000000134d       0x8a /usr/local/src/STM32/beginning_stm32f103c8t6/libopencm3/lib/libopencm3_stm32f1.a(flash_common_all.o)

.debug_loc      0x0000000000000000     0x1a67
 .debug_loc     0x0000000000000000       0x21 main.o
 .debug_loc     0x0000000000000021      0x34c rtos/heap_4.o
 .debug_loc     0x000000000000036d       0x94 rtos/list.o
 .debug_loc     0x0000000000000401       0xa8 rtos/port.o
 .debug_loc     0x00000000000004a9      0xd04 rtos/tasks.o
 .debug_loc     0x00000000000011ad      0x172 /usr/local/src/STM32/beginning_stm32f103c8t6/libopencm3/lib/libopencm3_stm32f1.a(gpio.o)
 .debug_loc     0x000000000000131f       0x97 /usr/local/src/STM32/beginning_stm32f103c8t6/libopencm3/lib/libopencm3_stm32f1.a(gpio_common_all.o)
 .debug_loc     0x00000000000013b6      0x480 /usr/local/src/STM32/beginning_stm32f103c8t6/libopencm3/lib/libopencm3_stm32f1.a(rcc.o)
 .debug_loc     0x0000000000001836      0x108 /usr/local/src/STM32/beginning_stm32f103c8t6/libopencm3/lib/libopencm3_stm32f1.a(rcc_common_all.o)
 .debug_loc     0x000000000000193e       0xea /usr/local/src/STM32/beginning_stm32f103c8t6/libopencm3/lib/libopencm3_stm32f1.a(vector.o)
 .debug_loc     0x0000000000001a28       0x3f /usr/local/src/STM32/beginning_stm32f103c8t6/libopencm3/lib/libopencm3_stm32f1.a(flash_common_all.o)

.debug_aranges  0x0000000000000000      0x508
 .debug_aranges
                0x0000000000000000       0x30 main.o
 .debug_aranges
                0x0000000000000030       0x48 rtos/heap_4.o
 .debug_aranges
                0x0000000000000078       0x40 rtos/list.o
 .debug_aranges
                0x00000000000000b8       0x70 rtos/port.o
 .debug_aranges
                0x0000000000000128      0x100 rtos/tasks.o
 .debug_aranges
                0x0000000000000228       0x30 rtos/opencm3.o
 .debug_aranges
                0x0000000000000258       0x38 /usr/local/src/STM32/beginning_stm32f103c8t6/libopencm3/lib/libopencm3_stm32f1.a(gpio.o)
 .debug_aranges
                0x0000000000000290       0x50 /usr/local/src/STM32/beginning_stm32f103c8t6/libopencm3/lib/libopencm3_stm32f1.a(gpio_common_all.o)
 .debug_aranges
                0x00000000000002e0      0x158 /usr/local/src/STM32/beginning_stm32f103c8t6/libopencm3/lib/libopencm3_stm32f1.a(rcc.o)
 .debug_aranges
                0x0000000000000438       0x68 /usr/local/src/STM32/beginning_stm32f103c8t6/libopencm3/lib/libopencm3_stm32f1.a(rcc_common_all.o)
 .debug_aranges
                0x00000000000004a0       0x30 /usr/local/src/STM32/beginning_stm32f103c8t6/libopencm3/lib/libopencm3_stm32f1.a(vector.o)
 .debug_aranges
                0x00000000000004d0       0x38 /usr/local/src/STM32/beginning_stm32f103c8t6/libopencm3/lib/libopencm3_stm32f1.a(flash_common_all.o)

.debug_ranges   0x0000000000000000      0x570
 .debug_ranges  0x0000000000000000       0x20 main.o
 .debug_ranges  0x0000000000000020       0x38 rtos/heap_4.o
 .debug_ranges  0x0000000000000058       0x30 rtos/list.o
 .debug_ranges  0x0000000000000088       0x60 rtos/port.o
 .debug_ranges  0x00000000000000e8      0x1b8 rtos/tasks.o
 .debug_ranges  0x00000000000002a0       0x20 rtos/opencm3.o
 .debug_ranges  0x00000000000002c0       0x28 /usr/local/src/STM32/beginning_stm32f103c8t6/libopencm3/lib/libopencm3_stm32f1.a(gpio.o)
 .debug_ranges  0x00000000000002e8       0x40 /usr/local/src/STM32/beginning_stm32f103c8t6/libopencm3/lib/libopencm3_stm32f1.a(gpio_common_all.o)
 .debug_ranges  0x0000000000000328      0x1a8 /usr/local/src/STM32/beginning_stm32f103c8t6/libopencm3/lib/libopencm3_stm32f1.a(rcc.o)
 .debug_ranges  0x00000000000004d0       0x58 /usr/local/src/STM32/beginning_stm32f103c8t6/libopencm3/lib/libopencm3_stm32f1.a(rcc_common_all.o)
 .debug_ranges  0x0000000000000528       0x20 /usr/local/src/STM32/beginning_stm32f103c8t6/libopencm3/lib/libopencm3_stm32f1.a(vector.o)
 .debug_ranges  0x0000000000000548       0x28 /usr/local/src/STM32/beginning_stm32f103c8t6/libopencm3/lib/libopencm3_stm32f1.a(flash_common_all.o)

.debug_line     0x0000000000000000     0x20c4
 .debug_line    0x0000000000000000      0x1c4 main.o
 .debug_line    0x00000000000001c4      0x1e1 rtos/heap_4.o
 .debug_line    0x00000000000003a5      0x175 rtos/list.o
 .debug_line    0x000000000000051a      0x1a0 rtos/port.o
 .debug_line    0x00000000000006ba      0x5dd rtos/tasks.o
 .debug_line    0x0000000000000c97      0x111 rtos/opencm3.o
 .debug_line    0x0000000000000da8      0x25f /usr/local/src/STM32/beginning_stm32f103c8t6/libopencm3/lib/libopencm3_stm32f1.a(gpio.o)
 .debug_line    0x0000000000001007      0x295 /usr/local/src/STM32/beginning_stm32f103c8t6/libopencm3/lib/libopencm3_stm32f1.a(gpio_common_all.o)
 .debug_line    0x000000000000129c      0x634 /usr/local/src/STM32/beginning_stm32f103c8t6/libopencm3/lib/libopencm3_stm32f1.a(rcc.o)
 .debug_line    0x00000000000018d0      0x2c0 /usr/local/src/STM32/beginning_stm32f103c8t6/libopencm3/lib/libopencm3_stm32f1.a(rcc_common_all.o)
 .debug_line    0x0000000000001b90      0x2ad /usr/local/src/STM32/beginning_stm32f103c8t6/libopencm3/lib/libopencm3_stm32f1.a(vector.o)
 .debug_line    0x0000000000001e3d      0x287 /usr/local/src/STM32/beginning_stm32f103c8t6/libopencm3/lib/libopencm3_stm32f1.a(flash_common_all.o)

.debug_str      0x0000000000000000     0xe894
 .debug_str     0x0000000000000000      0x43f main.o
                                        0x4db (size before relaxing)
 .debug_str     0x000000000000043f      0x5a5 rtos/heap_4.o
                                        0x73c (size before relaxing)
 .debug_str     0x00000000000009e4      0x12a rtos/list.o
                                        0x697 (size before relaxing)
 .debug_str     0x0000000000000b0e      0x183 rtos/port.o
                                        0x31c (size before relaxing)
 .debug_str     0x0000000000000c91      0x770 rtos/tasks.o
                                        0xf9c (size before relaxing)
 .debug_str     0x0000000000001401       0x40 rtos/opencm3.o
                                        0x226 (size before relaxing)
 .debug_str     0x0000000000001441     0x7ae5 /usr/local/src/STM32/beginning_stm32f103c8t6/libopencm3/lib/libopencm3_stm32f1.a(gpio.o)
                                       0x7c94 (size before relaxing)
 .debug_str     0x0000000000008f26       0x74 /usr/local/src/STM32/beginning_stm32f103c8t6/libopencm3/lib/libopencm3_stm32f1.a(gpio_common_all.o)
                                       0x7c88 (size before relaxing)
 .debug_str     0x0000000000008f9a     0x30b6 /usr/local/src/STM32/beginning_stm32f103c8t6/libopencm3/lib/libopencm3_stm32f1.a(rcc.o)
                                       0x7587 (size before relaxing)
 .debug_str     0x000000000000c050      0x35b /usr/local/src/STM32/beginning_stm32f103c8t6/libopencm3/lib/libopencm3_stm32f1.a(rcc_common_all.o)
                                       0x6e9d (size before relaxing)
 .debug_str     0x000000000000c3ab     0x2485 /usr/local/src/STM32/beginning_stm32f103c8t6/libopencm3/lib/libopencm3_stm32f1.a(vector.o)
                                       0x5d66 (size before relaxing)
 .debug_str     0x000000000000e830       0x64 /usr/local/src/STM32/beginning_stm32f103c8t6/libopencm3/lib/libopencm3_stm32f1.a(flash_common_all.o)
                                       0x4c60 (size before relaxing)

.comment        0x0000000000000000       0x31
 .comment       0x0000000000000000       0x31 main.o
                                         0x32 (size before relaxing)
 .comment       0x0000000000000031       0x32 rtos/heap_4.o
 .comment       0x0000000000000031       0x32 rtos/list.o
 .comment       0x0000000000000031       0x32 rtos/port.o
 .comment       0x0000000000000031       0x32 rtos/tasks.o
 .comment       0x0000000000000031       0x32 rtos/opencm3.o
 .comment       0x0000000000000031       0x32 /usr/local/src/STM32/beginning_stm32f103c8t6/libopencm3/lib/libopencm3_stm32f1.a(gpio.o)
 .comment       0x0000000000000031       0x32 /usr/local/src/STM32/beginning_stm32f103c8t6/libopencm3/lib/libopencm3_stm32f1.a(gpio_common_all.o)
 .comment       0x0000000000000031       0x32 /usr/local/src/STM32/beginning_stm32f103c8t6/libopencm3/lib/libopencm3_stm32f1.a(rcc.o)
 .comment       0x0000000000000031       0x32 /usr/local/src/STM32/beginning_stm32f103c8t6/libopencm3/lib/libopencm3_stm32f1.a(rcc_common_all.o)
 .comment       0x0000000000000031       0x32 /usr/local/src/STM32/beginning_stm32f103c8t6/libopencm3/lib/libopencm3_stm32f1.a(vector.o)
 .comment       0x0000000000000031       0x32 /usr/local/src/STM32/beginning_stm32f103c8t6/libopencm3/lib/libopencm3_stm32f1.a(flash_common_all.o)

.ARM.attributes
                0x0000000000000000       0x33
 .ARM.attributes
                0x0000000000000000       0x33 main.o
 .ARM.attributes
                0x0000000000000033       0x33 rtos/heap_4.o
 .ARM.attributes
                0x0000000000000066       0x33 rtos/list.o
 .ARM.attributes
                0x0000000000000099       0x33 rtos/port.o
 .ARM.attributes
                0x00000000000000cc       0x33 rtos/tasks.o
 .ARM.attributes
                0x00000000000000ff       0x33 rtos/opencm3.o
 .ARM.attributes
                0x0000000000000132       0x33 /usr/local/src/STM32/beginning_stm32f103c8t6/libopencm3/lib/libopencm3_stm32f1.a(gpio.o)
 .ARM.attributes
                0x0000000000000165       0x33 /usr/local/src/STM32/beginning_stm32f103c8t6/libopencm3/lib/libopencm3_stm32f1.a(gpio_common_all.o)
 .ARM.attributes
                0x0000000000000198       0x33 /usr/local/src/STM32/beginning_stm32f103c8t6/libopencm3/lib/libopencm3_stm32f1.a(rcc.o)
 .ARM.attributes
                0x00000000000001cb       0x33 /usr/local/src/STM32/beginning_stm32f103c8t6/libopencm3/lib/libopencm3_stm32f1.a(rcc_common_all.o)
 .ARM.attributes
                0x00000000000001fe       0x33 /usr/local/src/STM32/beginning_stm32f103c8t6/libopencm3/lib/libopencm3_stm32f1.a(vector.o)
 .ARM.attributes
                0x0000000000000231       0x33 /usr/local/src/STM32/beginning_stm32f103c8t6/libopencm3/lib/libopencm3_stm32f1.a(flash_common_all.o)

.debug_frame    0x0000000000000000      0xaa8
 .debug_frame   0x0000000000000000       0x50 main.o
 .debug_frame   0x0000000000000050       0x98 rtos/heap_4.o
 .debug_frame   0x00000000000000e8       0x6c rtos/list.o
 .debug_frame   0x0000000000000154       0xd0 rtos/port.o
 .debug_frame   0x0000000000000224      0x314 rtos/tasks.o
 .debug_frame   0x0000000000000538       0x40 rtos/opencm3.o
 .debug_frame   0x0000000000000578       0x64 /usr/local/src/STM32/beginning_stm32f103c8t6/libopencm3/lib/libopencm3_stm32f1.a(gpio.o)
 .debug_frame   0x00000000000005dc       0x80 /usr/local/src/STM32/beginning_stm32f103c8t6/libopencm3/lib/libopencm3_stm32f1.a(gpio_common_all.o)
 .debug_frame   0x000000000000065c      0x2e0 /usr/local/src/STM32/beginning_stm32f103c8t6/libopencm3/lib/libopencm3_stm32f1.a(rcc.o)
 .debug_frame   0x000000000000093c       0xd0 /usr/local/src/STM32/beginning_stm32f103c8t6/libopencm3/lib/libopencm3_stm32f1.a(rcc_common_all.o)
 .debug_frame   0x0000000000000a0c       0x4c /usr/local/src/STM32/beginning_stm32f103c8t6/libopencm3/lib/libopencm3_stm32f1.a(vector.o)
 .debug_frame   0x0000000000000a58       0x50 /usr/local/src/STM32/beginning_stm32f103c8t6/libopencm3/lib/libopencm3_stm32f1.a(flash_common_all.o)

.debug_macro    0x0000000000000000     0x326e
 .debug_macro   0x0000000000000000       0xb8 /usr/local/src/STM32/beginning_stm32f103c8t6/libopencm3/lib/libopencm3_stm32f1.a(gpio.o)
 .debug_macro   0x00000000000000b8      0x8aa /usr/local/src/STM32/beginning_stm32f103c8t6/libopencm3/lib/libopencm3_stm32f1.a(gpio.o)
 .debug_macro   0x0000000000000962       0x1c /usr/local/src/STM32/beginning_stm32f103c8t6/libopencm3/lib/libopencm3_stm32f1.a(gpio.o)
 .debug_macro   0x000000000000097e       0x22 /usr/local/src/STM32/beginning_stm32f103c8t6/libopencm3/lib/libopencm3_stm32f1.a(gpio.o)
 .debug_macro   0x00000000000009a0       0x4f /usr/local/src/STM32/beginning_stm32f103c8t6/libopencm3/lib/libopencm3_stm32f1.a(gpio.o)
 .debug_macro   0x00000000000009ef       0x44 /usr/local/src/STM32/beginning_stm32f103c8t6/libopencm3/lib/libopencm3_stm32f1.a(gpio.o)
 .debug_macro   0x0000000000000a33       0xfd /usr/local/src/STM32/beginning_stm32f103c8t6/libopencm3/lib/libopencm3_stm32f1.a(gpio.o)
 .debug_macro   0x0000000000000b30       0x5e /usr/local/src/STM32/beginning_stm32f103c8t6/libopencm3/lib/libopencm3_stm32f1.a(gpio.o)
 .debug_macro   0x0000000000000b8e      0x1df /usr/local/src/STM32/beginning_stm32f103c8t6/libopencm3/lib/libopencm3_stm32f1.a(gpio.o)
 .debug_macro   0x0000000000000d6d       0x22 /usr/local/src/STM32/beginning_stm32f103c8t6/libopencm3/lib/libopencm3_stm32f1.a(gpio.o)
 .debug_macro   0x0000000000000d8f       0xe8 /usr/local/src/STM32/beginning_stm32f103c8t6/libopencm3/lib/libopencm3_stm32f1.a(gpio.o)
 .debug_macro   0x0000000000000e77       0x76 /usr/local/src/STM32/beginning_stm32f103c8t6/libopencm3/lib/libopencm3_stm32f1.a(gpio.o)
 .debug_macro   0x0000000000000eed      0x1b4 /usr/local/src/STM32/beginning_stm32f103c8t6/libopencm3/lib/libopencm3_stm32f1.a(gpio.o)
 .debug_macro   0x00000000000010a1       0x76 /usr/local/src/STM32/beginning_stm32f103c8t6/libopencm3/lib/libopencm3_stm32f1.a(gpio.o)
 .debug_macro   0x0000000000001117      0xe04 /usr/local/src/STM32/beginning_stm32f103c8t6/libopencm3/lib/libopencm3_stm32f1.a(gpio.o)
 .debug_macro   0x0000000000001f1b       0xb8 /usr/local/src/STM32/beginning_stm32f103c8t6/libopencm3/lib/libopencm3_stm32f1.a(gpio_common_all.o)
 .debug_macro   0x0000000000001fd3       0xe7 /usr/local/src/STM32/beginning_stm32f103c8t6/libopencm3/lib/libopencm3_stm32f1.a(rcc.o)
 .debug_macro   0x00000000000020ba       0x16 /usr/local/src/STM32/beginning_stm32f103c8t6/libopencm3/lib/libopencm3_stm32f1.a(rcc.o)
 .debug_macro   0x00000000000020d0      0x82c /usr/local/src/STM32/beginning_stm32f103c8t6/libopencm3/lib/libopencm3_stm32f1.a(rcc.o)
 .debug_macro   0x00000000000028fc       0xee /usr/local/src/STM32/beginning_stm32f103c8t6/libopencm3/lib/libopencm3_stm32f1.a(rcc.o)
 .debug_macro   0x00000000000029ea       0x82 /usr/local/src/STM32/beginning_stm32f103c8t6/libopencm3/lib/libopencm3_stm32f1.a(rcc.o)
 .debug_macro   0x0000000000002a6c       0xce /usr/local/src/STM32/beginning_stm32f103c8t6/libopencm3/lib/libopencm3_stm32f1.a(rcc_common_all.o)
 .debug_macro   0x0000000000002b3a       0xcf /usr/local/src/STM32/beginning_stm32f103c8t6/libopencm3/lib/libopencm3_stm32f1.a(vector.o)
 .debug_macro   0x0000000000002c09      0x395 /usr/local/src/STM32/beginning_stm32f103c8t6/libopencm3/lib/libopencm3_stm32f1.a(vector.o)
 .debug_macro   0x0000000000002f9e       0x6e /usr/local/src/STM32/beginning_stm32f103c8t6/libopencm3/lib/libopencm3_stm32f1.a(vector.o)
 .debug_macro   0x000000000000300c      0x1a2 /usr/local/src/STM32/beginning_stm32f103c8t6/libopencm3/lib/libopencm3_stm32f1.a(vector.o)
 .debug_macro   0x00000000000031ae       0xc0 /usr/local/src/STM32/beginning_stm32f103c8t6/libopencm3/lib/libopencm3_stm32f1.a(flash_common_all.o)
